Archive member included to satisfy reference by file (symbol)

c:/intelfpga_lite/16.1/nios2eds/bin/gnu/h-x86_64-mingw32/bin/../lib/gcc/nios2-elf/5.3.0\libgcc.a(lib2-divmod.o)
                              obj/default/I2C_core.o (__divsi3)
c:/intelfpga_lite/16.1/nios2eds/bin/gnu/h-x86_64-mingw32/bin/../lib/gcc/nios2-elf/5.3.0\libgcc.a(addsf3.o)
                              obj/default/main.o (__addsf3)
c:/intelfpga_lite/16.1/nios2eds/bin/gnu/h-x86_64-mingw32/bin/../lib/gcc/nios2-elf/5.3.0\libgcc.a(gesf2.o)
                              obj/default/main.o (__gtsf2)
c:/intelfpga_lite/16.1/nios2eds/bin/gnu/h-x86_64-mingw32/bin/../lib/gcc/nios2-elf/5.3.0\libgcc.a(lesf2.o)
                              obj/default/main.o (__ltsf2)
c:/intelfpga_lite/16.1/nios2eds/bin/gnu/h-x86_64-mingw32/bin/../lib/gcc/nios2-elf/5.3.0\libgcc.a(mulsf3.o)
                              obj/default/main.o (__mulsf3)
c:/intelfpga_lite/16.1/nios2eds/bin/gnu/h-x86_64-mingw32/bin/../lib/gcc/nios2-elf/5.3.0\libgcc.a(subsf3.o)
                              obj/default/main.o (__subsf3)
c:/intelfpga_lite/16.1/nios2eds/bin/gnu/h-x86_64-mingw32/bin/../lib/gcc/nios2-elf/5.3.0\libgcc.a(fixsfsi.o)
                              obj/default/main.o (__fixsfsi)
c:/intelfpga_lite/16.1/nios2eds/bin/gnu/h-x86_64-mingw32/bin/../lib/gcc/nios2-elf/5.3.0\libgcc.a(floatsisf.o)
                              obj/default/main.o (__floatsisf)
c:/intelfpga_lite/16.1/nios2eds/bin/gnu/h-x86_64-mingw32/bin/../lib/gcc/nios2-elf/5.3.0\libgcc.a(floatunsisf.o)
                              obj/default/main.o (__floatunsisf)
c:/intelfpga_lite/16.1/nios2eds/bin/gnu/h-x86_64-mingw32/bin/../lib/gcc/nios2-elf/5.3.0\libgcc.a(_clzsi2.o)
                              c:/intelfpga_lite/16.1/nios2eds/bin/gnu/h-x86_64-mingw32/bin/../lib/gcc/nios2-elf/5.3.0\libgcc.a(addsf3.o) (__clzsi2)
c:/intelfpga_lite/16.1/nios2eds/bin/gnu/h-x86_64-mingw32/bin/../lib/gcc/nios2-elf/5.3.0\libgcc.a(_clz.o)
                              c:/intelfpga_lite/16.1/nios2eds/bin/gnu/h-x86_64-mingw32/bin/../lib/gcc/nios2-elf/5.3.0\libgcc.a(_clzsi2.o) (__clz_tab)
c:/intelfpga_lite/16.1/nios2eds/bin/gnu/h-x86_64-mingw32/bin/../lib/gcc/nios2-elf/5.3.0/../../../../../H-x86_64-mingw32/nios2-elf/lib\libc.a(lib_a-fclose.o)
                              obj/default/main.o (fclose)
c:/intelfpga_lite/16.1/nios2eds/bin/gnu/h-x86_64-mingw32/bin/../lib/gcc/nios2-elf/5.3.0/../../../../../H-x86_64-mingw32/nios2-elf/lib\libc.a(lib_a-fflush.o)
                              c:/intelfpga_lite/16.1/nios2eds/bin/gnu/h-x86_64-mingw32/bin/../lib/gcc/nios2-elf/5.3.0/../../../../../H-x86_64-mingw32/nios2-elf/lib\libc.a(lib_a-fclose.o) (__sflush_r)
c:/intelfpga_lite/16.1/nios2eds/bin/gnu/h-x86_64-mingw32/bin/../lib/gcc/nios2-elf/5.3.0/../../../../../H-x86_64-mingw32/nios2-elf/lib\libc.a(lib_a-findfp.o)
                              c:/intelfpga_lite/16.1/nios2eds/bin/gnu/h-x86_64-mingw32/bin/../lib/gcc/nios2-elf/5.3.0/../../../../../H-x86_64-mingw32/nios2-elf/lib\libc.a(lib_a-fclose.o) (__sinit)
c:/intelfpga_lite/16.1/nios2eds/bin/gnu/h-x86_64-mingw32/bin/../lib/gcc/nios2-elf/5.3.0/../../../../../H-x86_64-mingw32/nios2-elf/lib\libc.a(lib_a-fopen.o)
                              obj/default/main.o (fopen)
c:/intelfpga_lite/16.1/nios2eds/bin/gnu/h-x86_64-mingw32/bin/../lib/gcc/nios2-elf/5.3.0/../../../../../H-x86_64-mingw32/nios2-elf/lib\libc.a(lib_a-fprintf.o)
                              obj/default/main.o (fprintf)
c:/intelfpga_lite/16.1/nios2eds/bin/gnu/h-x86_64-mingw32/bin/../lib/gcc/nios2-elf/5.3.0/../../../../../H-x86_64-mingw32/nios2-elf/lib\libc.a(lib_a-freer.o)
                              c:/intelfpga_lite/16.1/nios2eds/bin/gnu/h-x86_64-mingw32/bin/../lib/gcc/nios2-elf/5.3.0/../../../../../H-x86_64-mingw32/nios2-elf/lib\libc.a(lib_a-fclose.o) (_free_r)
c:/intelfpga_lite/16.1/nios2eds/bin/gnu/h-x86_64-mingw32/bin/../lib/gcc/nios2-elf/5.3.0/../../../../../H-x86_64-mingw32/nios2-elf/lib\libc.a(lib_a-fseek.o)
                              c:/intelfpga_lite/16.1/nios2eds/bin/gnu/h-x86_64-mingw32/bin/../lib/gcc/nios2-elf/5.3.0/../../../../../H-x86_64-mingw32/nios2-elf/lib\libc.a(lib_a-fopen.o) (_fseek_r)
c:/intelfpga_lite/16.1/nios2eds/bin/gnu/h-x86_64-mingw32/bin/../lib/gcc/nios2-elf/5.3.0/../../../../../H-x86_64-mingw32/nios2-elf/lib\libc.a(lib_a-fseeko.o)
                              c:/intelfpga_lite/16.1/nios2eds/bin/gnu/h-x86_64-mingw32/bin/../lib/gcc/nios2-elf/5.3.0/../../../../../H-x86_64-mingw32/nios2-elf/lib\libc.a(lib_a-fseek.o) (_fseeko_r)
c:/intelfpga_lite/16.1/nios2eds/bin/gnu/h-x86_64-mingw32/bin/../lib/gcc/nios2-elf/5.3.0/../../../../../H-x86_64-mingw32/nios2-elf/lib\libc.a(lib_a-fstatr.o)
                              c:/intelfpga_lite/16.1/nios2eds/bin/gnu/h-x86_64-mingw32/bin/../lib/gcc/nios2-elf/5.3.0/../../../../../H-x86_64-mingw32/nios2-elf/lib\libc.a(lib_a-fseeko.o) (_fstat_r)
[...]
Memory Configuration

Name             Origin             Length             Attributes
reset            0x0000000000020000 0x0000000000000020
onchip_memory2_0 0x0000000000020020 0x000000000001ffe0
*default*        0x0000000000000000 0xffffffffffffffff

Linker script and memory map

LOAD ../D8M_Camera_Test_bsp//obj/HAL/src/crt0.o
LOAD obj/default/I2C_core.o
LOAD obj/default/auto_focus.o
LOAD obj/default/main.o
LOAD obj/default/mipi_bridge_config.o
LOAD obj/default/mipi_camera_config.o
LOAD obj/default/queue.o
LOAD c:/intelfpga_lite/16.1/nios2eds/bin/gnu/h-x86_64-mingw32/bin/../lib/gcc/nios2-elf/5.3.0/../../../../../H-x86_64-mingw32/nios2-elf/lib\libstdc++.a
LOAD c:/intelfpga_lite/16.1/nios2eds/bin/gnu/h-x86_64-mingw32/bin/../lib/gcc/nios2-elf/5.3.0/../../../../../H-x86_64-mingw32/nios2-elf/lib\libm.a
LOAD c:/intelfpga_lite/16.1/nios2eds/bin/gnu/h-x86_64-mingw32/bin/../lib/gcc/nios2-elf/5.3.0\libgcc.a
START GROUP
LOAD c:/intelfpga_lite/16.1/nios2eds/bin/gnu/h-x86_64-mingw32/bin/../lib/gcc/nios2-elf/5.3.0/../../../../../H-x86_64-mingw32/nios2-elf/lib\libc.a
LOAD c:/intelfpga_lite/16.1/nios2eds/bin/gnu/h-x86_64-mingw32/bin/../lib/gcc/nios2-elf/5.3.0\libgcc.a
LOAD ../D8M_Camera_Test_bsp/\libhal_bsp.a
LOAD c:/intelfpga_lite/16.1/nios2eds/bin/gnu/h-x86_64-mingw32/bin/../lib/gcc/nios2-elf/5.3.0/../../../../../H-x86_64-mingw32/nios2-elf/lib\libm.a
END GROUP
LOAD c:/intelfpga_lite/16.1/nios2eds/bin/gnu/h-x86_64-mingw32/bin/../lib/gcc/nios2-elf/5.3.0\libgcc.a
                0x0000000000020000                __alt_mem_onchip_memory2_0 = 0x20000

.entry          0x0000000000020000       0x20
 *(.entry)
 .entry         0x0000000000020000       0x20 ../D8M_Camera_Test_bsp//obj/HAL/src/crt0.o
                0x0000000000020000                __reset

.exceptions     0x0000000000020020      0x224
                0x0000000000020020                PROVIDE (__ram_exceptions_start, ABSOLUTE (.))
                0x0000000000020020                . = ALIGN (0x20)
 *(.irq)
 *(.exceptions.entry.label)
 .exceptions.entry.label
                0x0000000000020020        0x0 ../D8M_Camera_Test_bsp/\libhal_bsp.a(alt_irq_entry.o)
                0x0000000000020020                alt_irq_entry
 .exceptions.entry.label
                0x0000000000020020        0x0 ../D8M_Camera_Test_bsp/\libhal_bsp.a(alt_exception_entry.o)
                0x0000000000020020                alt_exception
 *(.exceptions.entry.user)
 *(.exceptions.entry.ecc_fatal)
 *(.exceptions.entry)
 .exceptions.entry
                0x0000000000020020       0x54 ../D8M_Camera_Test_bsp/\libhal_bsp.a(alt_exception_entry.o)
 *(.exceptions.irqtest.user)
 *(.exceptions.irqtest)
 .exceptions.irqtest
                0x0000000000020074       0x10 ../D8M_Camera_Test_bsp/\libhal_bsp.a(alt_irq_entry.o)
 *(.exceptions.irqhandler.user)
 *(.exceptions.irqhandler)
 .exceptions.irqhandler
                0x0000000000020084        0x4 ../D8M_Camera_Test_bsp/\libhal_bsp.a(alt_irq_entry.o)
 *(.exceptions.irqreturn.user)
 *(.exceptions.irqreturn)
 .exceptions.irqreturn
                0x0000000000020088        0x4 ../D8M_Camera_Test_bsp/\libhal_bsp.a(alt_irq_entry.o)
 *(.exceptions.notirq.label)
 .exceptions.notirq.label
                0x000000000002008c        0x0 ../D8M_Camera_Test_bsp/\libhal_bsp.a(alt_irq_entry.o)
 *(.exceptions.notirq.user)
 *(.exceptions.notirq)
 .exceptions.notirq
                0x000000000002008c        0x8 ../D8M_Camera_Test_bsp/\libhal_bsp.a(alt_exception_entry.o)
 *(.exceptions.soft.user)
 *(.exceptions.soft)
 *(.exceptions.unknown.user)
 *(.exceptions.unknown)
 .exceptions.unknown
                0x0000000000020094       0x14 ../D8M_Camera_Test_bsp/\libhal_bsp.a(alt_exception_entry.o)
 *(.exceptions.exit.label)
 .exceptions.exit.label
                0x00000000000200a8        0x0 ../D8M_Camera_Test_bsp/\libhal_bsp.a(alt_irq_entry.o)
 .exceptions.exit.label
                0x00000000000200a8        0x0 ../D8M_Camera_Test_bsp/\libhal_bsp.a(alt_exception_entry.o)
 *(.exceptions.exit.user)
 *(.exceptions.exit)
 .exceptions.exit
                0x00000000000200a8       0x54 ../D8M_Camera_Test_bsp/\libhal_bsp.a(alt_exception_entry.o)
 *(.exceptions)
 .exceptions    0x00000000000200fc       0xd4 ../D8M_Camera_Test_bsp/\libhal_bsp.a(alt_irq_handler.o)
                0x00000000000200fc                alt_irq_handler
 .exceptions    0x00000000000201d0       0x74 ../D8M_Camera_Test_bsp/\libhal_bsp.a(alt_instruction_exception_entry.o)
                0x00000000000201d0                alt_instruction_exception_entry
                0x0000000000020244                PROVIDE (__ram_exceptions_end, ABSOLUTE (.))
                0x0000000000020020                PROVIDE (__flash_exceptions_start, LOADADDR (.exceptions))

.text           0x0000000000020244    0x17ef0
                [!provide]                        PROVIDE (stext, ABSOLUTE (.))
 *(.interp)
 *(.hash)
 *(.dynsym)
 *(.dynstr)
 *(.gnu.version)
 *(.gnu.version_d)
 *(.gnu.version_r)
 *(.rel.init)
 *(.rela.init)
 *(.rel.text .rel.text.* .rel.gnu.linkonce.t.*)
 *(.rela.text .rela.text.* .rela.gnu.linkonce.t.*)
 *(.rel.fini)
 *(.rela.fini)
 *(.rel.rodata .rel.rodata.* .rel.gnu.linkonce.r.*)
 *(.rela.rodata .rela.rodata.* .rela.gnu.linkonce.r.*)
 *(.rel.data .rel.data.* .rel.gnu.linkonce.d.*)
 *(.rela.data .rela.data.* .rela.gnu.linkonce.d.*)
 *(.rel.tdata .rel.tdata.* .rel.gnu.linkonce.td.*)
 *(.rela.tdata .rela.tdata.* .rela.gnu.linkonce.td.*)
 *(.rel.tbss .rel.tbss.* .rel.gnu.linkonce.tb.*)
 *(.rela.tbss .rela.tbss.* .rela.gnu.linkonce.tb.*)
 *(.rel.ctors)
 *(.rela.ctors)
 *(.rel.dtors)
 *(.rela.dtors)
 *(.rel.got)
 *(.rela.got)
 *(.rel.sdata .rel.sdata.* .rel.gnu.linkonce.s.*)
 *(.rela.sdata .rela.sdata.* .rela.gnu.linkonce.s.*)
 *(.rel.sbss .rel.sbss.* .rel.gnu.linkonce.sb.*)
 *(.rela.sbss .rela.sbss.* .rela.gnu.linkonce.sb.*)
 *(.rel.sdata2 .rel.sdata2.* .rel.gnu.linkonce.s2.*)
 *(.rela.sdata2 .rela.sdata2.* .rela.gnu.linkonce.s2.*)
 *(.rel.sbss2 .rel.sbss2.* .rel.gnu.linkonce.sb2.*)
 *(.rela.sbss2 .rela.sbss2.* .rela.gnu.linkonce.sb2.*)
 *(.rel.bss .rel.bss.* .rel.gnu.linkonce.b.*)
 *(.rela.bss .rela.bss.* .rela.gnu.linkonce.b.*)
 *(.rel.plt)
 *(.rela.plt)
 *(.rel.dyn)
 *(.init)
 *(.plt)
 *(.text .stub .text.* .gnu.linkonce.t.*)
 .text          0x0000000000020244       0x4c ../D8M_Camera_Test_bsp//obj/HAL/src/crt0.o
                0x0000000000020244                _start
 .text          0x0000000000020290      0xdac obj/default/I2C_core.o
                0x0000000000020290                Write32_Data
                0x00000000000202e8                Read32_Data
                0x0000000000020340                oc_i2c_init
                0x0000000000020398                oc_i2c_init_ex
                0x00000000000204d4                oc_i2c_uninit
                0x0000000000020558                ACK_single_check
                0x00000000000205e4                ACK_check
                0x0000000000020644                OC_I2C_Write
                0x0000000000020844                ACK_judge_for_read
                0x00000000000208a8                OC_I2C_Read
                0x0000000000020a74                OC_I2C_Read_Continue
                0x0000000000020bac                OC_I2CL_Write
                0x0000000000020dbc                OC_I2CL_Read
 .text          0x000000000002103c      0x3b8 obj/default/auto_focus.o
                0x000000000002103c                Focus_Init
                0x0000000000021164                Focus_Window
                0x0000000000021344                Focus_Released
 .text          0x00000000000213f4      0xb04 obj/default/main.o
                0x00000000000213f4                mipi_clear_error
                0x00000000000214ac                mipi_show_error_info
                0x0000000000021544                mipi_show_error_info_more
                0x00000000000216bc                MIPI_Init
                0x0000000000021744                main
 .text          0x0000000000021ef8      0x260 obj/default/mipi_bridge_config.o
                0x0000000000021ef8                nSWAP16
                0x0000000000021f44                MipiBridgeRegWrite
                0x0000000000021fb0                MipiBridgeRegRead
                0x0000000000022028                MipiBridgeInit
 .text          0x0000000000022158      0x8bc obj/default/mipi_camera_config.o
                0x0000000000022158                OV8865_read_cmos_sensor_8
                0x00000000000221bc                OV8865_write_cmos_sensor_8
                0x0000000000022228                OV8865_write_AF
                0x0000000000022294                OV8865_read_AF
                0x0000000000022314                OV8865_FOCUS_Move_to
                0x00000000000223e4                OV8865SetExposure
                0x00000000000224c4                OV8865SetGain
                0x0000000000022590                OV8865ReadExposure
                0x000000000002264c                MIPI_BIN_LEVEL
                0x000000000002280c                MipiCameraInit
 .text          0x0000000000022a14      0x2a0 obj/default/queue.o
                0x0000000000022a14                QUEUE_New
                0x0000000000022a84                QUEUE_Delete
                0x0000000000022ab8                QUEUE_IsEmpty
                0x0000000000022af8                QUEUE_IsFull
                0x0000000000022b5c                QUEUE_Push
                0x0000000000022bf0                QUEUE_Pop
                0x0000000000022c80                QUEUE_Empty
 .text          0x0000000000022cb4      0x1b4 c:/intelfpga_lite/16.1/nios2eds/bin/gnu/h-x86_64-mingw32/bin/../lib/gcc/nios2-elf/5.3.0\libgcc.a(lib2-divmod.o)
                0x0000000000022cb4                __divsi3
                0x0000000000022d38                __modsi3
                0x0000000000022dac                __udivsi3
                0x0000000000022e10                __umodsi3
 .text          0x0000000000022e68      0x4c8 c:/intelfpga_lite/16.1/nios2eds/bin/gnu/h-x86_64-mingw32/bin/../lib/gcc/nios2-elf/5.3.0\libgcc.a(addsf3.o)
                0x0000000000022e68                __addsf3
 .text          0x0000000000023330       0xbc c:/intelfpga_lite/16.1/nios2eds/bin/gnu/h-x86_64-mingw32/bin/../lib/gcc/nios2-elf/5.3.0\libgcc.a(gesf2.o)
                0x0000000000023330                __gesf2
                0x0000000000023330                __gtsf2
 .text          0x00000000000233ec       0xc8 c:/intelfpga_lite/16.1/nios2eds/bin/gnu/h-x86_64-mingw32/bin/../lib/gcc/nios2-elf/5.3.0\libgcc.a(lesf2.o)
                0x00000000000233ec                __ltsf2
                0x00000000000233ec                __lesf2
 .text          0x00000000000234b4      0x3fc c:/intelfpga_lite/16.1/nios2eds/bin/gnu/h-x86_64-mingw32/bin/../lib/gcc/nios2-elf/5.3.0\libgcc.a(mulsf3.o)
                0x00000000000234b4                __mulsf3
 .text          0x00000000000238b0      0x4e4 c:/intelfpga_lite/16.1/nios2eds/bin/gnu/h-x86_64-mingw32/bin/../lib/gcc/nios2-elf/5.3.0\libgcc.a(subsf3.o)
                0x00000000000238b0                __subsf3
 .text          0x0000000000023d94       0x70 c:/intelfpga_lite/16.1/nios2eds/bin/gnu/h-x86_64-mingw32/bin/../lib/gcc/nios2-elf/5.3.0\libgcc.a(fixsfsi.o)
                0x0000000000023d94                __fixsfsi
 .text          0x0000000000023e04      0x124 c:/intelfpga_lite/16.1/nios2eds/bin/gnu/h-x86_64-mingw32/bin/../lib/gcc/nios2-elf/5.3.0\libgcc.a(floatsisf.o)
                0x0000000000023e04                __floatsisf
 .text          0x0000000000023f28       0xf0 c:/intelfpga_lite/16.1/nios2eds/bin/gnu/h-x86_64-mingw32/bin/../lib/gcc/nios2-elf/5.3.0\libgcc.a(floatunsisf.o)
                0x0000000000023f28                __floatunsisf
 .text          0x0000000000024018       0x64 c:/intelfpga_lite/16.1/nios2eds/bin/gnu/h-x86_64-mingw32/bin/../lib/gcc/nios2-elf/5.3.0\libgcc.a(_clzsi2.o)
                0x0000000000024018                __clzsi2
 .text          0x000000000002407c        0x0 c:/intelfpga_lite/16.1/nios2eds/bin/gnu/h-x86_64-mingw32/bin/../lib/gcc/nios2-elf/5.3.0\libgcc.a(_clz.o)
 .text          0x000000000002407c        0x0 c:/intelfpga_lite/16.1/nios2eds/bin/gnu/h-x86_64-mingw32/bin/../lib/gcc/nios2-elf/5.3.0/../../../../../H-x86_64-mingw32/nios2-elf/lib\libc.a(lib_a-fclose.o)
 .text._fclose_r
                0x000000000002407c       0xf0 c:/intelfpga_lite/16.1/nios2eds/bin/gnu/h-x86_64-mingw32/bin/../lib/gcc/nios2-elf/5.3.0/../../../../../H-x86_64-mingw32/nios2-elf/lib\libc.a(lib_a-fclose.o)
                0x000000000002407c                _fclose_r
 .text.fclose   0x000000000002416c       0x14 c:/intelfpga_lite/16.1/nios2eds/bin/gnu/h-x86_64-mingw32/bin/../lib/gcc/nios2-elf/5.3.0/../../../../../H-x86_64-mingw32/nios2-elf/lib\libc.a(lib_a-fclose.o)
                0x000000000002416c                fclose
 .text          0x0000000000024180        0x0 c:/intelfpga_lite/16.1/nios2eds/bin/gnu/h-x86_64-mingw32/bin/../lib/gcc/nios2-elf/5.3.0/../../../../../H-x86_64-mingw32/nios2-elf/lib\libc.a(lib_a-fflush.o)
 .text.__sflush_r
                0x0000000000024180      0x21c c:/intelfpga_lite/16.1/nios2eds/bin/gnu/h-x86_64-mingw32/bin/../lib/gcc/nios2-elf/5.3.0/../../../../../H-x86_64-mingw32/nios2-elf/lib\libc.a(lib_a-fflush.o)
                0x0000000000024180                __sflush_r
 .text._fflush_r
                0x000000000002439c       0x5c c:/intelfpga_lite/16.1/nios2eds/bin/gnu/h-x86_64-mingw32/bin/../lib/gcc/nios2-elf/5.3.0/../../../../../H-x86_64-mingw32/nios2-elf/lib\libc.a(lib_a-fflush.o)
                0x000000000002439c                _fflush_r
 .text.fflush   0x00000000000243f8       0x30 c:/intelfpga_lite/16.1/nios2eds/bin/gnu/h-x86_64-mingw32/bin/../lib/gcc/nios2-elf/5.3.0/../../../../../H-x86_64-mingw32/nios2-elf/lib\libc.a(lib_a-fflush.o)
                0x00000000000243f8                fflush
 .text          0x0000000000024428        0x0 c:/intelfpga_lite/16.1/nios2eds/bin/gnu/h-x86_64-mingw32/bin/../lib/gcc/nios2-elf/5.3.0/../../../../../H-x86_64-mingw32/nios2-elf/lib\libc.a(lib_a-findfp.o)
 .text.__fp_unlock
                0x0000000000024428        0x8 c:/intelfpga_lite/16.1/nios2eds/bin/gnu/h-x86_64-mingw32/bin/../lib/gcc/nios2-elf/5.3.0/../../../../../H-x86_64-mingw32/nios2-elf/lib\libc.a(lib_a-findfp.o)
 .text._cleanup_r
                0x0000000000024430        0xc c:/intelfpga_lite/16.1/nios2eds/bin/gnu/h-x86_64-mingw32/bin/../lib/gcc/nios2-elf/5.3.0/../../../../../H-x86_64-mingw32/nios2-elf/lib\libc.a(lib_a-findfp.o)
                0x0000000000024430                _cleanup_r
 .text.__sinit.part.1
                0x000000000002443c      0x19c c:/intelfpga_lite/16.1/nios2eds/bin/gnu/h-x86_64-mingw32/bin/../lib/gcc/nios2-elf/5.3.0/../../../../../H-x86_64-mingw32/nios2-elf/lib\libc.a(lib_a-findfp.o)
 .text.__fp_lock
                0x00000000000245d8        0x8 c:/intelfpga_lite/16.1/nios2eds/bin/gnu/h-x86_64-mingw32/bin/../lib/gcc/nios2-elf/5.3.0/../../../../../H-x86_64-mingw32/nios2-elf/lib\libc.a(lib_a-findfp.o)
 .text.__sfmoreglue
                0x00000000000245e0       0x68 c:/intelfpga_lite/16.1/nios2eds/bin/gnu/h-x86_64-mingw32/bin/../lib/gcc/nios2-elf/5.3.0/../../../../../H-x86_64-mingw32/nios2-elf/lib\libc.a(lib_a-findfp.o)
                0x00000000000245e0                __sfmoreglue
 .text.__sfp    0x0000000000024648      0x118 c:/intelfpga_lite/16.1/nios2eds/bin/gnu/h-x86_64-mingw32/bin/../lib/gcc/nios2-elf/5.3.0/../../../../../H-x86_64-mingw32/nios2-elf/lib\libc.a(lib_a-findfp.o)
                0x0000000000024648                __sfp
 .text._cleanup
                0x0000000000024760       0x18 c:/intelfpga_lite/16.1/nios2eds/bin/gnu/h-x86_64-mingw32/bin/../lib/gcc/nios2-elf/5.3.0/../../../../../H-x86_64-mingw32/nios2-elf/lib\libc.a(lib_a-findfp.o)
                0x0000000000024760                _cleanup
 .text.__sinit  0x0000000000024778       0x10 c:/intelfpga_lite/16.1/nios2eds/bin/gnu/h-x86_64-mingw32/bin/../lib/gcc/nios2-elf/5.3.0/../../../../../H-x86_64-mingw32/nios2-elf/lib\libc.a(lib_a-findfp.o)
                0x0000000000024778                __sinit
 .text.__sfp_lock_acquire
                0x0000000000024788        0x4 c:/intelfpga_lite/16.1/nios2eds/bin/gnu/h-x86_64-mingw32/bin/../lib/gcc/nios2-elf/5.3.0/../../../../../H-x86_64-mingw32/nios2-elf/lib\libc.a(lib_a-findfp.o)
                0x0000000000024788                __sfp_lock_acquire
 .text.__sfp_lock_release
                0x000000000002478c        0x4 c:/intelfpga_lite/16.1/nios2eds/bin/gnu/h-x86_64-mingw32/bin/../lib/gcc/nios2-elf/5.3.0/../../../../../H-x86_64-mingw32/nios2-elf/lib\libc.a(lib_a-findfp.o)
                0x000000000002478c                __sfp_lock_release
 .text.__sinit_lock_acquire
                0x0000000000024790        0x4 c:/intelfpga_lite/16.1/nios2eds/bin/gnu/h-x86_64-mingw32/bin/../lib/gcc/nios2-elf/5.3.0/../../../../../H-x86_64-mingw32/nios2-elf/lib\libc.a(lib_a-findfp.o)
                0x0000000000024790                __sinit_lock_acquire
 .text.__sinit_lock_release
                0x0000000000024794        0x4 c:/intelfpga_lite/16.1/nios2eds/bin/gnu/h-x86_64-mingw32/bin/../lib/gcc/nios2-elf/5.3.0/../../../../../H-x86_64-mingw32/nios2-elf/lib\libc.a(lib_a-findfp.o)
                0x0000000000024794                __sinit_lock_release
 .text.__fp_lock_all
                0x0000000000024798       0x18 c:/intelfpga_lite/16.1/nios2eds/bin/gnu/h-x86_64-mingw32/bin/../lib/gcc/nios2-elf/5.3.0/../../../../../H-x86_64-mingw32/nios2-elf/lib\libc.a(lib_a-findfp.o)
                0x0000000000024798                __fp_lock_all
 .text.__fp_unlock_all
                0x00000000000247b0       0x18 c:/intelfpga_lite/16.1/nios2eds/bin/gnu/h-x86_64-mingw32/bin/../lib/gcc/nios2-elf/5.3.0/../../../../../H-x86_64-mingw32/nios2-elf/lib\libc.a(lib_a-findfp.o)
                0x00000000000247b0                __fp_unlock_all
 .text          0x00000000000247c8        0x0 c:/intelfpga_lite/16.1/nios2eds/bin/gnu/h-x86_64-mingw32/bin/../lib/gcc/nios2-elf/5.3.0/../../../../../H-x86_64-mingw32/nios2-elf/lib\libc.a(lib_a-fopen.o)
 .text._fopen_r
                0x00000000000247c8       0xf4 c:/intelfpga_lite/16.1/nios2eds/bin/gnu/h-x86_64-mingw32/bin/../lib/gcc/nios2-elf/5.3.0/../../../../../H-x86_64-mingw32/nios2-elf/lib\libc.a(lib_a-fopen.o)
                0x00000000000247c8                _fopen_r
 .text.fopen    0x00000000000248bc       0x18 c:/intelfpga_lite/16.1/nios2eds/bin/gnu/h-x86_64-mingw32/bin/../lib/gcc/nios2-elf/5.3.0/../../../../../H-x86_64-mingw32/nios2-elf/lib\libc.a(lib_a-fopen.o)
                0x00000000000248bc                fopen
 .text          0x00000000000248d4        0x0 c:/intelfpga_lite/16.1/nios2eds/bin/gnu/h-x86_64-mingw32/bin/../lib/gcc/nios2-elf/5.3.0/../../../../../H-x86_64-mingw32/nios2-elf/lib\libc.a(lib_a-fprintf.o)
 .text._fprintf_r
                0x00000000000248d4       0x28 c:/intelfpga_lite/16.1/nios2eds/bin/gnu/h-x86_64-mingw32/bin/../lib/gcc/nios2-elf/5.3.0/../../../../../H-x86_64-mingw32/nios2-elf/lib\libc.a(lib_a-fprintf.o)
                0x00000000000248d4                _fprintf_r
 .text.fprintf  0x00000000000248fc       0x24 c:/intelfpga_lite/16.1/nios2eds/bin/gnu/h-x86_64-mingw32/bin/../lib/gcc/nios2-elf/5.3.0/../../../../../H-x86_64-mingw32/nios2-elf/lib\libc.a(lib_a-fprintf.o)
                0x00000000000248fc                fprintf
 .text          0x0000000000024920        0x0 c:/intelfpga_lite/16.1/nios2eds/bin/gnu/h-x86_64-mingw32/bin/../lib/gcc/nios2-elf/5.3.0/../../../../../H-x86_64-mingw32/nios2-elf/lib\libc.a(lib_a-freer.o)
 .text._malloc_trim_r
                0x0000000000024920      0x124 c:/intelfpga_lite/16.1/nios2eds/bin/gnu/h-x86_64-mingw32/bin/../lib/gcc/nios2-elf/5.3.0/../../../../../H-x86_64-mingw32/nios2-elf/lib\libc.a(lib_a-freer.o)
                0x0000000000024920                _malloc_trim_r
 .text._free_r  0x0000000000024a44      0x310 c:/intelfpga_lite/16.1/nios2eds/bin/gnu/h-x86_64-mingw32/bin/../lib/gcc/nios2-elf/5.3.0/../../../../../H-x86_64-mingw32/nios2-elf/lib\libc.a(lib_a-freer.o)
                0x0000000000024a44                _free_r
 .text          0x0000000000024d54        0x0 c:/intelfpga_lite/16.1/nios2eds/bin/gnu/h-x86_64-mingw32/bin/../lib/gcc/nios2-elf/5.3.0/../../../../../H-x86_64-mingw32/nios2-elf/lib\libc.a(lib_a-fseek.o)
 .text._fseek_r
                0x0000000000024d54        0x4 c:/intelfpga_lite/16.1/nios2eds/bin/gnu/h-x86_64-mingw32/bin/../lib/gcc/nios2-elf/5.3.0/../../../../../H-x86_64-mingw32/nios2-elf/lib\libc.a(lib_a-fseek.o)
                0x0000000000024d54                _fseek_r
 .text.fseek    0x0000000000024d58       0x1c c:/intelfpga_lite/16.1/nios2eds/bin/gnu/h-x86_64-mingw32/bin/../lib/gcc/nios2-elf/5.3.0/../../../../../H-x86_64-mingw32/nios2-elf/lib\libc.a(lib_a-fseek.o)
                0x0000000000024d58                fseek
 .text          0x0000000000024d74        0x0 c:/intelfpga_lite/16.1/nios2eds/bin/gnu/h-x86_64-mingw32/bin/../lib/gcc/nios2-elf/5.3.0/../../../../../H-x86_64-mingw32/nios2-elf/lib\libc.a(lib_a-fseeko.o)
 .text._fseeko_r
                0x0000000000024d74      0x444 c:/intelfpga_lite/16.1/nios2eds/bin/gnu/h-x86_64-mingw32/bin/../lib/gcc/nios2-elf/5.3.0/../../../../../H-x86_64-mingw32/nios2-elf/lib\libc.a(lib_a-fseeko.o)
                0x0000000000024d74                _fseeko_r
 .text.fseeko   0x00000000000251b8       0x1c c:/intelfpga_lite/16.1/nios2eds/bin/gnu/h-x86_64-mingw32/bin/../lib/gcc/nios2-elf/5.3.0/../../../../../H-x86_64-mingw32/nios2-elf/lib\libc.a(lib_a-fseeko.o)
                0x00000000000251b8                fseeko
 .text          0x00000000000251d4        0x0 c:/intelfpga_lite/16.1/nios2eds/bin/gnu/h-x86_64-mingw32/bin/../lib/gcc/nios2-elf/5.3.0/../../../../../H-x86_64-mingw32/nios2-elf/lib\libc.a(lib_a-fstatr.o)
 .text._fstat_r
                0x00000000000251d4       0x5c c:/intelfpga_lite/16.1/nios2eds/bin/gnu/h-x86_64-mingw32/bin/../lib/gcc/nios2-elf/5.3.0/../../../../../H-x86_64-mingw32/nios2-elf/lib\libc.a(lib_a-fstatr.o)
                0x00000000000251d4                _fstat_r
 .text          0x0000000000025230        0x0 c:/intelfpga_lite/16.1/nios2eds/bin/gnu/h-x86_64-mingw32/bin/../lib/gcc/nios2-elf/5.3.0/../../../../../H-x86_64-mingw32/nios2-elf/lib\libc.a(lib_a-fwalk.o)
 .text._fwalk   0x0000000000025230       0xc4 c:/intelfpga_lite/16.1/nios2eds/bin/gnu/h-x86_64-mingw32/bin/../lib/gcc/nios2-elf/5.3.0/../../../../../H-x86_64-mingw32/nios2-elf/lib\libc.a(lib_a-fwalk.o)
                0x0000000000025230                _fwalk
 .text._fwalk_reent
                0x00000000000252f4       0xc4 c:/intelfpga_lite/16.1/nios2eds/bin/gnu/h-x86_64-mingw32/bin/../lib/gcc/nios2-elf/5.3.0/../../../../../H-x86_64-mingw32/nios2-elf/lib\libc.a(lib_a-fwalk.o)
                0x00000000000252f4                _fwalk_reent
 .text          0x00000000000253b8        0x0 c:/intelfpga_lite/16.1/nios2eds/bin/gnu/h-x86_64-mingw32/bin/../lib/gcc/nios2-elf/5.3.0/../../../../../H-x86_64-mingw32/nios2-elf/lib\libc.a(lib_a-getc.o)
 .text._getc_r  0x00000000000253b8       0x70 c:/intelfpga_lite/16.1/nios2eds/bin/gnu/h-x86_64-mingw32/bin/../lib/gcc/nios2-elf/5.3.0/../../../../../H-x86_64-mingw32/nios2-elf/lib\libc.a(lib_a-getc.o)
                0x00000000000253b8                _getc_r
 .text.getc     0x0000000000025428       0x88 c:/intelfpga_lite/16.1/nios2eds/bin/gnu/h-x86_64-mingw32/bin/../lib/gcc/nios2-elf/5.3.0/../../../../../H-x86_64-mingw32/nios2-elf/lib\libc.a(lib_a-getc.o)
                0x0000000000025428                getc
 .text          0x00000000000254b0        0x0 c:/intelfpga_lite/16.1/nios2eds/bin/gnu/h-x86_64-mingw32/bin/../lib/gcc/nios2-elf/5.3.0/../../../../../H-x86_64-mingw32/nios2-elf/lib\libc.a(lib_a-impure.o)
 .text          0x00000000000254b0        0x0 c:/intelfpga_lite/16.1/nios2eds/bin/gnu/h-x86_64-mingw32/bin/../lib/gcc/nios2-elf/5.3.0/../../../../../H-x86_64-mingw32/nios2-elf/lib\libc.a(lib_a-int_errno.o)
 .text          0x00000000000254b0        0x0 c:/intelfpga_lite/16.1/nios2eds/bin/gnu/h-x86_64-mingw32/bin/../lib/gcc/nios2-elf/5.3.0/../../../../../H-x86_64-mingw32/nios2-elf/lib\libc.a(lib_a-makebuf.o)
 .text.__smakebuf_r
                0x00000000000254b0      0x1bc c:/intelfpga_lite/16.1/nios2eds/bin/gnu/h-x86_64-mingw32/bin/../lib/gcc/nios2-elf/5.3.0/../../../../../H-x86_64-mingw32/nios2-elf/lib\libc.a(lib_a-makebuf.o)
                0x00000000000254b0                __smakebuf_r
 .text          0x000000000002566c        0x0 c:/intelfpga_lite/16.1/nios2eds/bin/gnu/h-x86_64-mingw32/bin/../lib/gcc/nios2-elf/5.3.0/../../../../../H-x86_64-mingw32/nios2-elf/lib\libc.a(lib_a-malloc.o)
 .text.malloc   0x000000000002566c       0x14 c:/intelfpga_lite/16.1/nios2eds/bin/gnu/h-x86_64-mingw32/bin/../lib/gcc/nios2-elf/5.3.0/../../../../../H-x86_64-mingw32/nios2-elf/lib\libc.a(lib_a-malloc.o)
                0x000000000002566c                malloc
 .text.free     0x0000000000025680       0x14 c:/intelfpga_lite/16.1/nios2eds/bin/gnu/h-x86_64-mingw32/bin/../lib/gcc/nios2-elf/5.3.0/../../../../../H-x86_64-mingw32/nios2-elf/lib\libc.a(lib_a-malloc.o)
                0x0000000000025680                free
 .text          0x0000000000025694        0x0 c:/intelfpga_lite/16.1/nios2eds/bin/gnu/h-x86_64-mingw32/bin/../lib/gcc/nios2-elf/5.3.0/../../../../../H-x86_64-mingw32/nios2-elf/lib\libc.a(lib_a-mallocr.o)
 .text._malloc_r
                0x0000000000025694      0x80c c:/intelfpga_lite/16.1/nios2eds/bin/gnu/h-x86_64-mingw32/bin/../lib/gcc/nios2-elf/5.3.0/../../../../../H-x86_64-mingw32/nios2-elf/lib\libc.a(lib_a-mallocr.o)
                0x0000000000025694                _malloc_r
 .text          0x0000000000025ea0        0x0 c:/intelfpga_lite/16.1/nios2eds/bin/gnu/h-x86_64-mingw32/bin/../lib/gcc/nios2-elf/5.3.0/../../../../../H-x86_64-mingw32/nios2-elf/lib\libc.a(lib_a-memset.o)
 .text.memset   0x0000000000025ea0      0x128 c:/intelfpga_lite/16.1/nios2eds/bin/gnu/h-x86_64-mingw32/bin/../lib/gcc/nios2-elf/5.3.0/../../../../../H-x86_64-mingw32/nios2-elf/lib\libc.a(lib_a-memset.o)
                0x0000000000025ea0                memset
 .text          0x0000000000025fc8        0x0 c:/intelfpga_lite/16.1/nios2eds/bin/gnu/h-x86_64-mingw32/bin/../lib/gcc/nios2-elf/5.3.0/../../../../../H-x86_64-mingw32/nios2-elf/lib\libc.a(lib_a-openr.o)
 .text._open_r  0x0000000000025fc8       0x60 c:/intelfpga_lite/16.1/nios2eds/bin/gnu/h-x86_64-mingw32/bin/../lib/gcc/nios2-elf/5.3.0/../../../../../H-x86_64-mingw32/nios2-elf/lib\libc.a(lib_a-openr.o)
                0x0000000000025fc8                _open_r
 .text          0x0000000000026028        0x0 c:/intelfpga_lite/16.1/nios2eds/bin/gnu/h-x86_64-mingw32/bin/../lib/gcc/nios2-elf/5.3.0/../../../../../H-x86_64-mingw32/nios2-elf/lib\libc.a(lib_a-printf.o)
 .text._printf_r
                0x0000000000026028       0x30 c:/intelfpga_lite/16.1/nios2eds/bin/gnu/h-x86_64-mingw32/bin/../lib/gcc/nios2-elf/5.3.0/../../../../../H-x86_64-mingw32/nios2-elf/lib\libc.a(lib_a-printf.o)
                0x0000000000026028                _printf_r
 .text.printf   0x0000000000026058       0x3c c:/intelfpga_lite/16.1/nios2eds/bin/gnu/h-x86_64-mingw32/bin/../lib/gcc/nios2-elf/5.3.0/../../../../../H-x86_64-mingw32/nios2-elf/lib\libc.a(lib_a-printf.o)
                0x0000000000026058                printf
 .text          0x0000000000026094        0x0 c:/intelfpga_lite/16.1/nios2eds/bin/gnu/h-x86_64-mingw32/bin/../lib/gcc/nios2-elf/5.3.0/../../../../../H-x86_64-mingw32/nios2-elf/lib\libc.a(lib_a-putchar.o)
 .text._putchar_r
                0x0000000000026094        0x8 c:/intelfpga_lite/16.1/nios2eds/bin/gnu/h-x86_64-mingw32/bin/../lib/gcc/nios2-elf/5.3.0/../../../../../H-x86_64-mingw32/nios2-elf/lib\libc.a(lib_a-putchar.o)
                0x0000000000026094                _putchar_r
 .text.putchar  0x000000000002609c       0x18 c:/intelfpga_lite/16.1/nios2eds/bin/gnu/h-x86_64-mingw32/bin/../lib/gcc/nios2-elf/5.3.0/../../../../../H-x86_64-mingw32/nios2-elf/lib\libc.a(lib_a-putchar.o)
                0x000000000002609c                putchar
 .text          0x00000000000260b4        0x0 c:/intelfpga_lite/16.1/nios2eds/bin/gnu/h-x86_64-mingw32/bin/../lib/gcc/nios2-elf/5.3.0/../../../../../H-x86_64-mingw32/nios2-elf/lib\libc.a(lib_a-puts.o)
 .text._puts_r  0x00000000000260b4       0xc0 c:/intelfpga_lite/16.1/nios2eds/bin/gnu/h-x86_64-mingw32/bin/../lib/gcc/nios2-elf/5.3.0/../../../../../H-x86_64-mingw32/nios2-elf/lib\libc.a(lib_a-puts.o)
                0x00000000000260b4                _puts_r
 .text.puts     0x0000000000026174       0x14 c:/intelfpga_lite/16.1/nios2eds/bin/gnu/h-x86_64-mingw32/bin/../lib/gcc/nios2-elf/5.3.0/../../../../../H-x86_64-mingw32/nios2-elf/lib\libc.a(lib_a-puts.o)
                0x0000000000026174                puts
 .text          0x0000000000026188        0x0 c:/intelfpga_lite/16.1/nios2eds/bin/gnu/h-x86_64-mingw32/bin/../lib/gcc/nios2-elf/5.3.0/../../../../../H-x86_64-mingw32/nios2-elf/lib\libc.a(lib_a-refill.o)
 .text.lflush   0x0000000000026188       0x1c c:/intelfpga_lite/16.1/nios2eds/bin/gnu/h-x86_64-mingw32/bin/../lib/gcc/nios2-elf/5.3.0/../../../../../H-x86_64-mingw32/nios2-elf/lib\libc.a(lib_a-refill.o)
 .text.__srefill_r
                0x00000000000261a4      0x1d4 c:/intelfpga_lite/16.1/nios2eds/bin/gnu/h-x86_64-mingw32/bin/../lib/gcc/nios2-elf/5.3.0/../../../../../H-x86_64-mingw32/nios2-elf/lib\libc.a(lib_a-refill.o)
                0x00000000000261a4                __srefill_r
 .text          0x0000000000026378        0x0 c:/intelfpga_lite/16.1/nios2eds/bin/gnu/h-x86_64-mingw32/bin/../lib/gcc/nios2-elf/5.3.0/../../../../../H-x86_64-mingw32/nios2-elf/lib\libc.a(lib_a-rget.o)
 .text.__srget_r
                0x0000000000026378       0x74 c:/intelfpga_lite/16.1/nios2eds/bin/gnu/h-x86_64-mingw32/bin/../lib/gcc/nios2-elf/5.3.0/../../../../../H-x86_64-mingw32/nios2-elf/lib\libc.a(lib_a-rget.o)
                0x0000000000026378                __srget_r
 .text.__srget  0x00000000000263ec       0x14 c:/intelfpga_lite/16.1/nios2eds/bin/gnu/h-x86_64-mingw32/bin/../lib/gcc/nios2-elf/5.3.0/../../../../../H-x86_64-mingw32/nios2-elf/lib\libc.a(lib_a-rget.o)
                0x00000000000263ec                __srget
 .text          0x0000000000026400        0x0 c:/intelfpga_lite/16.1/nios2eds/bin/gnu/h-x86_64-mingw32/bin/../lib/gcc/nios2-elf/5.3.0/../../../../../H-x86_64-mingw32/nios2-elf/lib\libc.a(lib_a-sbrkr.o)
 .text._sbrk_r  0x0000000000026400       0x54 c:/intelfpga_lite/16.1/nios2eds/bin/gnu/h-x86_64-mingw32/bin/../lib/gcc/nios2-elf/5.3.0/../../../../../H-x86_64-mingw32/nios2-elf/lib\libc.a(lib_a-sbrkr.o)
                0x0000000000026400                _sbrk_r
 .text          0x0000000000026454        0x0 c:/intelfpga_lite/16.1/nios2eds/bin/gnu/h-x86_64-mingw32/bin/../lib/gcc/nios2-elf/5.3.0/../../../../../H-x86_64-mingw32/nios2-elf/lib\libc.a(lib_a-snprintf.o)
 .text._snprintf_r
                0x0000000000026454       0xd8 c:/intelfpga_lite/16.1/nios2eds/bin/gnu/h-x86_64-mingw32/bin/../lib/gcc/nios2-elf/5.3.0/../../../../../H-x86_64-mingw32/nios2-elf/lib\libc.a(lib_a-snprintf.o)
                0x0000000000026454                _snprintf_r
 .text.snprintf
                0x000000000002652c       0xe4 c:/intelfpga_lite/16.1/nios2eds/bin/gnu/h-x86_64-mingw32/bin/../lib/gcc/nios2-elf/5.3.0/../../../../../H-x86_64-mingw32/nios2-elf/lib\libc.a(lib_a-snprintf.o)
                0x000000000002652c                snprintf
 .text          0x0000000000026610        0x0 c:/intelfpga_lite/16.1/nios2eds/bin/gnu/h-x86_64-mingw32/bin/../lib/gcc/nios2-elf/5.3.0/../../../../../H-x86_64-mingw32/nios2-elf/lib\libc.a(lib_a-stdio.o)
 .text.__sread  0x0000000000026610       0x54 c:/intelfpga_lite/16.1/nios2eds/bin/gnu/h-x86_64-mingw32/bin/../lib/gcc/nios2-elf/5.3.0/../../../../../H-x86_64-mingw32/nios2-elf/lib\libc.a(lib_a-stdio.o)
                0x0000000000026610                __sread
 .text.__seofread
                0x0000000000026664        0x8 c:/intelfpga_lite/16.1/nios2eds/bin/gnu/h-x86_64-mingw32/bin/../lib/gcc/nios2-elf/5.3.0/../../../../../H-x86_64-mingw32/nios2-elf/lib\libc.a(lib_a-stdio.o)
                0x0000000000026664                __seofread
 .text.__swrite
                0x000000000002666c       0x7c c:/intelfpga_lite/16.1/nios2eds/bin/gnu/h-x86_64-mingw32/bin/../lib/gcc/nios2-elf/5.3.0/../../../../../H-x86_64-mingw32/nios2-elf/lib\libc.a(lib_a-stdio.o)
                0x000000000002666c                __swrite
 .text.__sseek  0x00000000000266e8       0x5c c:/intelfpga_lite/16.1/nios2eds/bin/gnu/h-x86_64-mingw32/bin/../lib/gcc/nios2-elf/5.3.0/../../../../../H-x86_64-mingw32/nios2-elf/lib\libc.a(lib_a-stdio.o)
                0x00000000000266e8                __sseek
 .text.__sclose
                0x0000000000026744        0x8 c:/intelfpga_lite/16.1/nios2eds/bin/gnu/h-x86_64-mingw32/bin/../lib/gcc/nios2-elf/5.3.0/../../../../../H-x86_64-mingw32/nios2-elf/lib\libc.a(lib_a-stdio.o)
                0x0000000000026744                __sclose
 .text          0x000000000002674c        0x0 c:/intelfpga_lite/16.1/nios2eds/bin/gnu/h-x86_64-mingw32/bin/../lib/gcc/nios2-elf/5.3.0/../../../../../H-x86_64-mingw32/nios2-elf/lib\libc.a(lib_a-strcat.o)
 .text.strcat   0x000000000002674c       0x84 c:/intelfpga_lite/16.1/nios2eds/bin/gnu/h-x86_64-mingw32/bin/../lib/gcc/nios2-elf/5.3.0/../../../../../H-x86_64-mingw32/nios2-elf/lib\libc.a(lib_a-strcat.o)
                0x000000000002674c                strcat
 .text          0x00000000000267d0        0x0 c:/intelfpga_lite/16.1/nios2eds/bin/gnu/h-x86_64-mingw32/bin/../lib/gcc/nios2-elf/5.3.0/../../../../../H-x86_64-mingw32/nios2-elf/lib\libc.a(lib_a-strcpy.o)
 .text.strcpy   0x00000000000267d0       0x90 c:/intelfpga_lite/16.1/nios2eds/bin/gnu/h-x86_64-mingw32/bin/../lib/gcc/nios2-elf/5.3.0/../../../../../H-x86_64-mingw32/nios2-elf/lib\libc.a(lib_a-strcpy.o)
                0x00000000000267d0                strcpy
 .text          0x0000000000026860        0x0 c:/intelfpga_lite/16.1/nios2eds/bin/gnu/h-x86_64-mingw32/bin/../lib/gcc/nios2-elf/5.3.0/../../../../../H-x86_64-mingw32/nios2-elf/lib\libc.a(lib_a-strlen.o)
 .text.strlen   0x0000000000026860       0x98 c:/intelfpga_lite/16.1/nios2eds/bin/gnu/h-x86_64-mingw32/bin/../lib/gcc/nios2-elf/5.3.0/../../../../../H-x86_64-mingw32/nios2-elf/lib\libc.a(lib_a-strlen.o)
                0x0000000000026860                strlen
 .text          0x00000000000268f8        0x0 c:/intelfpga_lite/16.1/nios2eds/bin/gnu/h-x86_64-mingw32/bin/../lib/gcc/nios2-elf/5.3.0/../../../../../H-x86_64-mingw32/nios2-elf/lib\libc.a(lib_a-svfprintf.o)
 .text.___svfprintf_internal_r
                0x00000000000268f8     0x21d8 c:/intelfpga_lite/16.1/nios2eds/bin/gnu/h-x86_64-mingw32/bin/../lib/gcc/nios2-elf/5.3.0/../../../../../H-x86_64-mingw32/nios2-elf/lib\libc.a(lib_a-svfprintf.o)
                0x00000000000268f8                ___svfprintf_internal_r
 .text          0x0000000000028ad0        0x0 c:/intelfpga_lite/16.1/nios2eds/bin/gnu/h-x86_64-mingw32/bin/../lib/gcc/nios2-elf/5.3.0/../../../../../H-x86_64-mingw32/nios2-elf/lib\libc.a(lib_a-vfprintf.o)
 .text.___vfprintf_internal_r
                0x0000000000028ad0     0x21f8 c:/intelfpga_lite/16.1/nios2eds/bin/gnu/h-x86_64-mingw32/bin/../lib/gcc/nios2-elf/5.3.0/../../../../../H-x86_64-mingw32/nios2-elf/lib\libc.a(lib_a-vfprintf.o)
                0x0000000000028ad0                ___vfprintf_internal_r
 .text.__vfprintf_internal
                0x000000000002acc8       0x1c c:/intelfpga_lite/16.1/nios2eds/bin/gnu/h-x86_64-mingw32/bin/../lib/gcc/nios2-elf/5.3.0/../../../../../H-x86_64-mingw32/nios2-elf/lib\libc.a(lib_a-vfprintf.o)
                0x000000000002acc8                __vfprintf_internal
 .text.__sbprintf
                0x000000000002ace4       0xbc c:/intelfpga_lite/16.1/nios2eds/bin/gnu/h-x86_64-mingw32/bin/../lib/gcc/nios2-elf/5.3.0/../../../../../H-x86_64-mingw32/nios2-elf/lib\libc.a(lib_a-vfprintf.o)
 .text          0x000000000002ada0        0x0 c:/intelfpga_lite/16.1/nios2eds/bin/gnu/h-x86_64-mingw32/bin/../lib/gcc/nios2-elf/5.3.0/../../../../../H-x86_64-mingw32/nios2-elf/lib\libc.a(lib_a-writer.o)
 .text._write_r
                0x000000000002ada0       0x60 c:/intelfpga_lite/16.1/nios2eds/bin/gnu/h-x86_64-mingw32/bin/../lib/gcc/nios2-elf/5.3.0/../../../../../H-x86_64-mingw32/nios2-elf/lib\libc.a(lib_a-writer.o)
                0x000000000002ada0                _write_r
 .text          0x000000000002ae00        0x0 c:/intelfpga_lite/16.1/nios2eds/bin/gnu/h-x86_64-mingw32/bin/../lib/gcc/nios2-elf/5.3.0/../../../../../H-x86_64-mingw32/nios2-elf/lib\libc.a(lib_a-wsetup.o)
 .text.__swsetup_r
                0x000000000002ae00      0x154 c:/intelfpga_lite/16.1/nios2eds/bin/gnu/h-x86_64-mingw32/bin/../lib/gcc/nios2-elf/5.3.0/../../../../../H-x86_64-mingw32/nios2-elf/lib\libc.a(lib_a-wsetup.o)
                0x000000000002ae00                __swsetup_r
 .text          0x000000000002af54        0x0 c:/intelfpga_lite/16.1/nios2eds/bin/gnu/h-x86_64-mingw32/bin/../lib/gcc/nios2-elf/5.3.0/../../../../../H-x86_64-mingw32/nios2-elf/lib\libc.a(closer.o)
 .text._close_r
                0x000000000002af54       0x54 c:/intelfpga_lite/16.1/nios2eds/bin/gnu/h-x86_64-mingw32/bin/../lib/gcc/nios2-elf/5.3.0/../../../../../H-x86_64-mingw32/nios2-elf/lib\libc.a(closer.o)
                0x000000000002af54                _close_r
 .text          0x000000000002afa8        0x0 c:/intelfpga_lite/16.1/nios2eds/bin/gnu/h-x86_64-mingw32/bin/../lib/gcc/nios2-elf/5.3.0/../../../../../H-x86_64-mingw32/nios2-elf/lib\libc.a(lib_a-dtoa.o)
 .text.quorem   0x000000000002afa8      0x200 c:/intelfpga_lite/16.1/nios2eds/bin/gnu/h-x86_64-mingw32/bin/../lib/gcc/nios2-elf/5.3.0/../../../../../H-x86_64-mingw32/nios2-elf/lib\libc.a(lib_a-dtoa.o)
 .text._dtoa_r  0x000000000002b1a8     0x1688 c:/intelfpga_lite/16.1/nios2eds/bin/gnu/h-x86_64-mingw32/bin/../lib/gcc/nios2-elf/5.3.0/../../../../../H-x86_64-mingw32/nios2-elf/lib\libc.a(lib_a-dtoa.o)
                0x000000000002b1a8                _dtoa_r
 .text          0x000000000002c830        0x0 c:/intelfpga_lite/16.1/nios2eds/bin/gnu/h-x86_64-mingw32/bin/../lib/gcc/nios2-elf/5.3.0/../../../../../H-x86_64-mingw32/nios2-elf/lib\libc.a(lib_a-flags.o)
 .text.__sflags
                0x000000000002c830       0xac c:/intelfpga_lite/16.1/nios2eds/bin/gnu/h-x86_64-mingw32/bin/../lib/gcc/nios2-elf/5.3.0/../../../../../H-x86_64-mingw32/nios2-elf/lib\libc.a(lib_a-flags.o)
                0x000000000002c830                __sflags
 .text          0x000000000002c8dc        0x0 c:/intelfpga_lite/16.1/nios2eds/bin/gnu/h-x86_64-mingw32/bin/../lib/gcc/nios2-elf/5.3.0/../../../../../H-x86_64-mingw32/nios2-elf/lib\libc.a(lib_a-fvwrite.o)
 .text.__sfvwrite_r
                0x000000000002c8dc      0x4bc c:/intelfpga_lite/16.1/nios2eds/bin/gnu/h-x86_64-mingw32/bin/../lib/gcc/nios2-elf/5.3.0/../../../../../H-x86_64-mingw32/nios2-elf/lib\libc.a(lib_a-fvwrite.o)
                0x000000000002c8dc                __sfvwrite_r
 .text          0x000000000002cd98        0x0 c:/intelfpga_lite/16.1/nios2eds/bin/gnu/h-x86_64-mingw32/bin/../lib/gcc/nios2-elf/5.3.0/../../../../../H-x86_64-mingw32/nios2-elf/lib\libc.a(lib_a-isattyr.o)
 .text._isatty_r
                0x000000000002cd98       0x54 c:/intelfpga_lite/16.1/nios2eds/bin/gnu/h-x86_64-mingw32/bin/../lib/gcc/nios2-elf/5.3.0/../../../../../H-x86_64-mingw32/nios2-elf/lib\libc.a(lib_a-isattyr.o)
                0x000000000002cd98                _isatty_r
 .text          0x000000000002cdec        0x0 c:/intelfpga_lite/16.1/nios2eds/bin/gnu/h-x86_64-mingw32/bin/../lib/gcc/nios2-elf/5.3.0/../../../../../H-x86_64-mingw32/nios2-elf/lib\libc.a(lib_a-locale.o)
 .text._setlocale_r
                0x000000000002cdec       0x7c c:/intelfpga_lite/16.1/nios2eds/bin/gnu/h-x86_64-mingw32/bin/../lib/gcc/nios2-elf/5.3.0/../../../../../H-x86_64-mingw32/nios2-elf/lib\libc.a(lib_a-locale.o)
                0x000000000002cdec                _setlocale_r
 .text.__locale_charset
                0x000000000002ce68        0xc c:/intelfpga_lite/16.1/nios2eds/bin/gnu/h-x86_64-mingw32/bin/../lib/gcc/nios2-elf/5.3.0/../../../../../H-x86_64-mingw32/nios2-elf/lib\libc.a(lib_a-locale.o)
                0x000000000002ce68                __locale_charset
 .text.__locale_mb_cur_max
                0x000000000002ce74       0x10 c:/intelfpga_lite/16.1/nios2eds/bin/gnu/h-x86_64-mingw32/bin/../lib/gcc/nios2-elf/5.3.0/../../../../../H-x86_64-mingw32/nios2-elf/lib\libc.a(lib_a-locale.o)
                0x000000000002ce74                __locale_mb_cur_max
 .text.__locale_msgcharset
                0x000000000002ce84        0xc c:/intelfpga_lite/16.1/nios2eds/bin/gnu/h-x86_64-mingw32/bin/../lib/gcc/nios2-elf/5.3.0/../../../../../H-x86_64-mingw32/nios2-elf/lib\libc.a(lib_a-locale.o)
                0x000000000002ce84                __locale_msgcharset
 .text.__locale_cjk_lang
                0x000000000002ce90        0x8 c:/intelfpga_lite/16.1/nios2eds/bin/gnu/h-x86_64-mingw32/bin/../lib/gcc/nios2-elf/5.3.0/../../../../../H-x86_64-mingw32/nios2-elf/lib\libc.a(lib_a-locale.o)
                0x000000000002ce90                __locale_cjk_lang
 .text._localeconv_r
                0x000000000002ce98        0xc c:/intelfpga_lite/16.1/nios2eds/bin/gnu/h-x86_64-mingw32/bin/../lib/gcc/nios2-elf/5.3.0/../../../../../H-x86_64-mingw32/nios2-elf/lib\libc.a(lib_a-locale.o)
                0x000000000002ce98                _localeconv_r
 .text.setlocale
                0x000000000002cea4       0x18 c:/intelfpga_lite/16.1/nios2eds/bin/gnu/h-x86_64-mingw32/bin/../lib/gcc/nios2-elf/5.3.0/../../../../../H-x86_64-mingw32/nios2-elf/lib\libc.a(lib_a-locale.o)
                0x000000000002cea4                setlocale
 .text.localeconv
                0x000000000002cebc        0xc c:/intelfpga_lite/16.1/nios2eds/bin/gnu/h-x86_64-mingw32/bin/../lib/gcc/nios2-elf/5.3.0/../../../../../H-x86_64-mingw32/nios2-elf/lib\libc.a(lib_a-locale.o)
                0x000000000002cebc                localeconv
 .text          0x000000000002cec8        0x0 c:/intelfpga_lite/16.1/nios2eds/bin/gnu/h-x86_64-mingw32/bin/../lib/gcc/nios2-elf/5.3.0/../../../../../H-x86_64-mingw32/nios2-elf/lib\libc.a(lib_a-lseekr.o)
 .text._lseek_r
                0x000000000002cec8       0x60 c:/intelfpga_lite/16.1/nios2eds/bin/gnu/h-x86_64-mingw32/bin/../lib/gcc/nios2-elf/5.3.0/../../../../../H-x86_64-mingw32/nios2-elf/lib\libc.a(lib_a-lseekr.o)
                0x000000000002cec8                _lseek_r
 .text          0x000000000002cf28        0x0 c:/intelfpga_lite/16.1/nios2eds/bin/gnu/h-x86_64-mingw32/bin/../lib/gcc/nios2-elf/5.3.0/../../../../../H-x86_64-mingw32/nios2-elf/lib\libc.a(lib_a-memchr.o)
 .text.memchr   0x000000000002cf28       0xe4 c:/intelfpga_lite/16.1/nios2eds/bin/gnu/h-x86_64-mingw32/bin/../lib/gcc/nios2-elf/5.3.0/../../../../../H-x86_64-mingw32/nios2-elf/lib\libc.a(lib_a-memchr.o)
                0x000000000002cf28                memchr
 .text          0x000000000002d00c        0x0 c:/intelfpga_lite/16.1/nios2eds/bin/gnu/h-x86_64-mingw32/bin/../lib/gcc/nios2-elf/5.3.0/../../../../../H-x86_64-mingw32/nios2-elf/lib\libc.a(lib_a-memcpy.o)
 .text.memcpy   0x000000000002d00c      0x148 c:/intelfpga_lite/16.1/nios2eds/bin/gnu/h-x86_64-mingw32/bin/../lib/gcc/nios2-elf/5.3.0/../../../../../H-x86_64-mingw32/nios2-elf/lib\libc.a(lib_a-memcpy.o)
                0x000000000002d00c                memcpy
 .text          0x000000000002d154        0x0 c:/intelfpga_lite/16.1/nios2eds/bin/gnu/h-x86_64-mingw32/bin/../lib/gcc/nios2-elf/5.3.0/../../../../../H-x86_64-mingw32/nios2-elf/lib\libc.a(lib_a-memmove.o)
 .text.memmove  0x000000000002d154      0x15c c:/intelfpga_lite/16.1/nios2eds/bin/gnu/h-x86_64-mingw32/bin/../lib/gcc/nios2-elf/5.3.0/../../../../../H-x86_64-mingw32/nios2-elf/lib\libc.a(lib_a-memmove.o)
                0x000000000002d154                memmove
 .text          0x000000000002d2b0        0x0 c:/intelfpga_lite/16.1/nios2eds/bin/gnu/h-x86_64-mingw32/bin/../lib/gcc/nios2-elf/5.3.0/../../../../../H-x86_64-mingw32/nios2-elf/lib\libc.a(lib_a-mprec.o)
 .text._Balloc  0x000000000002d2b0       0xa8 c:/intelfpga_lite/16.1/nios2eds/bin/gnu/h-x86_64-mingw32/bin/../lib/gcc/nios2-elf/5.3.0/../../../../../H-x86_64-mingw32/nios2-elf/lib\libc.a(lib_a-mprec.o)
                0x000000000002d2b0                _Balloc
 .text._Bfree   0x000000000002d358       0x28 c:/intelfpga_lite/16.1/nios2eds/bin/gnu/h-x86_64-mingw32/bin/../lib/gcc/nios2-elf/5.3.0/../../../../../H-x86_64-mingw32/nios2-elf/lib\libc.a(lib_a-mprec.o)
                0x000000000002d358                _Bfree
 .text.__multadd
                0x000000000002d380      0x120 c:/intelfpga_lite/16.1/nios2eds/bin/gnu/h-x86_64-mingw32/bin/../lib/gcc/nios2-elf/5.3.0/../../../../../H-x86_64-mingw32/nios2-elf/lib\libc.a(lib_a-mprec.o)
                0x000000000002d380                __multadd
 .text.__s2b    0x000000000002d4a0      0x104 c:/intelfpga_lite/16.1/nios2eds/bin/gnu/h-x86_64-mingw32/bin/../lib/gcc/nios2-elf/5.3.0/../../../../../H-x86_64-mingw32/nios2-elf/lib\libc.a(lib_a-mprec.o)
                0x000000000002d4a0                __s2b
 .text.__hi0bits
                0x000000000002d5a4       0x68 c:/intelfpga_lite/16.1/nios2eds/bin/gnu/h-x86_64-mingw32/bin/../lib/gcc/nios2-elf/5.3.0/../../../../../H-x86_64-mingw32/nios2-elf/lib\libc.a(lib_a-mprec.o)
                0x000000000002d5a4                __hi0bits
 .text.__lo0bits
                0x000000000002d60c       0xb0 c:/intelfpga_lite/16.1/nios2eds/bin/gnu/h-x86_64-mingw32/bin/../lib/gcc/nios2-elf/5.3.0/../../../../../H-x86_64-mingw32/nios2-elf/lib\libc.a(lib_a-mprec.o)
                0x000000000002d60c                __lo0bits
 .text.__i2b    0x000000000002d6bc       0x3c c:/intelfpga_lite/16.1/nios2eds/bin/gnu/h-x86_64-mingw32/bin/../lib/gcc/nios2-elf/5.3.0/../../../../../H-x86_64-mingw32/nios2-elf/lib\libc.a(lib_a-mprec.o)
                0x000000000002d6bc                __i2b
 .text.__multiply
                0x000000000002d6f8      0x1f8 c:/intelfpga_lite/16.1/nios2eds/bin/gnu/h-x86_64-mingw32/bin/../lib/gcc/nios2-elf/5.3.0/../../../../../H-x86_64-mingw32/nios2-elf/lib\libc.a(lib_a-mprec.o)
                0x000000000002d6f8                __multiply
 .text.__pow5mult
                0x000000000002d8f0      0x140 c:/intelfpga_lite/16.1/nios2eds/bin/gnu/h-x86_64-mingw32/bin/../lib/gcc/nios2-elf/5.3.0/../../../../../H-x86_64-mingw32/nios2-elf/lib\libc.a(lib_a-mprec.o)
                0x000000000002d8f0                __pow5mult
 .text.__lshift
                0x000000000002da30      0x148 c:/intelfpga_lite/16.1/nios2eds/bin/gnu/h-x86_64-mingw32/bin/../lib/gcc/nios2-elf/5.3.0/../../../../../H-x86_64-mingw32/nios2-elf/lib\libc.a(lib_a-mprec.o)
                0x000000000002da30                __lshift
 .text.__mcmp   0x000000000002db78       0x60 c:/intelfpga_lite/16.1/nios2eds/bin/gnu/h-x86_64-mingw32/bin/../lib/gcc/nios2-elf/5.3.0/../../../../../H-x86_64-mingw32/nios2-elf/lib\libc.a(lib_a-mprec.o)
                0x000000000002db78                __mcmp
 .text.__mdiff  0x000000000002dbd8      0x1fc c:/intelfpga_lite/16.1/nios2eds/bin/gnu/h-x86_64-mingw32/bin/../lib/gcc/nios2-elf/5.3.0/../../../../../H-x86_64-mingw32/nios2-elf/lib\libc.a(lib_a-mprec.o)
                0x000000000002dbd8                __mdiff
 .text.__ulp    0x000000000002ddd4       0x64 c:/intelfpga_lite/16.1/nios2eds/bin/gnu/h-x86_64-mingw32/bin/../lib/gcc/nios2-elf/5.3.0/../../../../../H-x86_64-mingw32/nios2-elf/lib\libc.a(lib_a-mprec.o)
                0x000000000002ddd4                __ulp
 .text.__b2d    0x000000000002de38      0x10c c:/intelfpga_lite/16.1/nios2eds/bin/gnu/h-x86_64-mingw32/bin/../lib/gcc/nios2-elf/5.3.0/../../../../../H-x86_64-mingw32/nios2-elf/lib\libc.a(lib_a-mprec.o)
                0x000000000002de38                __b2d
 .text.__d2b    0x000000000002df44      0x14c c:/intelfpga_lite/16.1/nios2eds/bin/gnu/h-x86_64-mingw32/bin/../lib/gcc/nios2-elf/5.3.0/../../../../../H-x86_64-mingw32/nios2-elf/lib\libc.a(lib_a-mprec.o)
                0x000000000002df44                __d2b
 .text.__ratio  0x000000000002e090       0xa4 c:/intelfpga_lite/16.1/nios2eds/bin/gnu/h-x86_64-mingw32/bin/../lib/gcc/nios2-elf/5.3.0/../../../../../H-x86_64-mingw32/nios2-elf/lib\libc.a(lib_a-mprec.o)
                0x000000000002e090                __ratio
 .text._mprec_log10
                0x000000000002e134       0x74 c:/intelfpga_lite/16.1/nios2eds/bin/gnu/h-x86_64-mingw32/bin/../lib/gcc/nios2-elf/5.3.0/../../../../../H-x86_64-mingw32/nios2-elf/lib\libc.a(lib_a-mprec.o)
                0x000000000002e134                _mprec_log10
 .text.__copybits
                0x000000000002e1a8       0x78 c:/intelfpga_lite/16.1/nios2eds/bin/gnu/h-x86_64-mingw32/bin/../lib/gcc/nios2-elf/5.3.0/../../../../../H-x86_64-mingw32/nios2-elf/lib\libc.a(lib_a-mprec.o)
                0x000000000002e1a8                __copybits
 .text.__any_on
                0x000000000002e220       0x8c c:/intelfpga_lite/16.1/nios2eds/bin/gnu/h-x86_64-mingw32/bin/../lib/gcc/nios2-elf/5.3.0/../../../../../H-x86_64-mingw32/nios2-elf/lib\libc.a(lib_a-mprec.o)
                0x000000000002e220                __any_on
 .text          0x000000000002e2ac        0x0 c:/intelfpga_lite/16.1/nios2eds/bin/gnu/h-x86_64-mingw32/bin/../lib/gcc/nios2-elf/5.3.0/../../../../../H-x86_64-mingw32/nios2-elf/lib\libc.a(lib_a-putc.o)
 .text._putc_r  0x000000000002e2ac       0xa0 c:/intelfpga_lite/16.1/nios2eds/bin/gnu/h-x86_64-mingw32/bin/../lib/gcc/nios2-elf/5.3.0/../../../../../H-x86_64-mingw32/nios2-elf/lib\libc.a(lib_a-putc.o)
                0x000000000002e2ac                _putc_r
 .text.putc     0x000000000002e34c       0xc8 c:/intelfpga_lite/16.1/nios2eds/bin/gnu/h-x86_64-mingw32/bin/../lib/gcc/nios2-elf/5.3.0/../../../../../H-x86_64-mingw32/nios2-elf/lib\libc.a(lib_a-putc.o)
                0x000000000002e34c                putc
 .text          0x000000000002e414        0x0 c:/intelfpga_lite/16.1/nios2eds/bin/gnu/h-x86_64-mingw32/bin/../lib/gcc/nios2-elf/5.3.0/../../../../../H-x86_64-mingw32/nios2-elf/lib\libc.a(lib_a-readr.o)
 .text._read_r  0x000000000002e414       0x60 c:/intelfpga_lite/16.1/nios2eds/bin/gnu/h-x86_64-mingw32/bin/../lib/gcc/nios2-elf/5.3.0/../../../../../H-x86_64-mingw32/nios2-elf/lib\libc.a(lib_a-readr.o)
                0x000000000002e414                _read_r
 .text          0x000000000002e474        0x0 c:/intelfpga_lite/16.1/nios2eds/bin/gnu/h-x86_64-mingw32/bin/../lib/gcc/nios2-elf/5.3.0/../../../../../H-x86_64-mingw32/nios2-elf/lib\libc.a(lib_a-reallocr.o)
 .text._realloc_r
                0x000000000002e474      0x564 c:/intelfpga_lite/16.1/nios2eds/bin/gnu/h-x86_64-mingw32/bin/../lib/gcc/nios2-elf/5.3.0/../../../../../H-x86_64-mingw32/nios2-elf/lib\libc.a(lib_a-reallocr.o)
                0x000000000002e474                _realloc_r
 .text          0x000000000002e9d8        0x0 c:/intelfpga_lite/16.1/nios2eds/bin/gnu/h-x86_64-mingw32/bin/../lib/gcc/nios2-elf/5.3.0/../../../../../H-x86_64-mingw32/nios2-elf/lib\libc.a(lib_a-s_fpclassify.o)
 .text.__fpclassifyd
                0x000000000002e9d8       0x74 c:/intelfpga_lite/16.1/nios2eds/bin/gnu/h-x86_64-mingw32/bin/../lib/gcc/nios2-elf/5.3.0/../../../../../H-x86_64-mingw32/nios2-elf/lib\libc.a(lib_a-s_fpclassify.o)
                0x000000000002e9d8                __fpclassifyd
 .text          0x000000000002ea4c        0x0 c:/intelfpga_lite/16.1/nios2eds/bin/gnu/h-x86_64-mingw32/bin/../lib/gcc/nios2-elf/5.3.0/../../../../../H-x86_64-mingw32/nios2-elf/lib\libc.a(lib_a-strcmp.o)
 .text.strcmp   0x000000000002ea4c       0xdc c:/intelfpga_lite/16.1/nios2eds/bin/gnu/h-x86_64-mingw32/bin/../lib/gcc/nios2-elf/5.3.0/../../../../../H-x86_64-mingw32/nios2-elf/lib\libc.a(lib_a-strcmp.o)
                0x000000000002ea4c                strcmp
 .text          0x000000000002eb28        0x0 c:/intelfpga_lite/16.1/nios2eds/bin/gnu/h-x86_64-mingw32/bin/../lib/gcc/nios2-elf/5.3.0/../../../../../H-x86_64-mingw32/nios2-elf/lib\libc.a(lib_a-svfiprintf.o)
 .text.__ssprint_r
                0x000000000002eb28      0x1d0 c:/intelfpga_lite/16.1/nios2eds/bin/gnu/h-x86_64-mingw32/bin/../lib/gcc/nios2-elf/5.3.0/../../../../../H-x86_64-mingw32/nios2-elf/lib\libc.a(lib_a-svfiprintf.o)
                0x000000000002eb28                __ssprint_r
 .text.___svfiprintf_internal_r
                0x000000000002ecf8     0x123c c:/intelfpga_lite/16.1/nios2eds/bin/gnu/h-x86_64-mingw32/bin/../lib/gcc/nios2-elf/5.3.0/../../../../../H-x86_64-mingw32/nios2-elf/lib\libc.a(lib_a-svfiprintf.o)
                0x000000000002ecf8                ___svfiprintf_internal_r
 .text          0x000000000002ff34        0x0 c:/intelfpga_lite/16.1/nios2eds/bin/gnu/h-x86_64-mingw32/bin/../lib/gcc/nios2-elf/5.3.0/../../../../../H-x86_64-mingw32/nios2-elf/lib\libc.a(lib_a-vfiprintf.o)
 .text.__sprint_r.part.0
                0x000000000002ff34       0xfc c:/intelfpga_lite/16.1/nios2eds/bin/gnu/h-x86_64-mingw32/bin/../lib/gcc/nios2-elf/5.3.0/../../../../../H-x86_64-mingw32/nios2-elf/lib\libc.a(lib_a-vfiprintf.o)
 .text.__sprint_r
                0x0000000000030030       0x18 c:/intelfpga_lite/16.1/nios2eds/bin/gnu/h-x86_64-mingw32/bin/../lib/gcc/nios2-elf/5.3.0/../../../../../H-x86_64-mingw32/nios2-elf/lib\libc.a(lib_a-vfiprintf.o)
                0x0000000000030030                __sprint_r
 .text.___vfiprintf_internal_r
                0x0000000000030048     0x145c c:/intelfpga_lite/16.1/nios2eds/bin/gnu/h-x86_64-mingw32/bin/../lib/gcc/nios2-elf/5.3.0/../../../../../H-x86_64-mingw32/nios2-elf/lib\libc.a(lib_a-vfiprintf.o)
                0x0000000000030048                ___vfiprintf_internal_r
 .text.__vfiprintf_internal
                0x00000000000314a4       0x1c c:/intelfpga_lite/16.1/nios2eds/bin/gnu/h-x86_64-mingw32/bin/../lib/gcc/nios2-elf/5.3.0/../../../../../H-x86_64-mingw32/nios2-elf/lib\libc.a(lib_a-vfiprintf.o)
                0x00000000000314a4                __vfiprintf_internal
 .text.__sbprintf
                0x00000000000314c0       0xbc c:/intelfpga_lite/16.1/nios2eds/bin/gnu/h-x86_64-mingw32/bin/../lib/gcc/nios2-elf/5.3.0/../../../../../H-x86_64-mingw32/nios2-elf/lib\libc.a(lib_a-vfiprintf.o)
 .text          0x000000000003157c        0x0 c:/intelfpga_lite/16.1/nios2eds/bin/gnu/h-x86_64-mingw32/bin/../lib/gcc/nios2-elf/5.3.0/../../../../../H-x86_64-mingw32/nios2-elf/lib\libc.a(lib_a-wbuf.o)
 .text.__swbuf_r
                0x000000000003157c      0x140 c:/intelfpga_lite/16.1/nios2eds/bin/gnu/h-x86_64-mingw32/bin/../lib/gcc/nios2-elf/5.3.0/../../../../../H-x86_64-mingw32/nios2-elf/lib\libc.a(lib_a-wbuf.o)
                0x000000000003157c                __swbuf_r
 .text.__swbuf  0x00000000000316bc       0x18 c:/intelfpga_lite/16.1/nios2eds/bin/gnu/h-x86_64-mingw32/bin/../lib/gcc/nios2-elf/5.3.0/../../../../../H-x86_64-mingw32/nios2-elf/lib\libc.a(lib_a-wbuf.o)
                0x00000000000316bc                __swbuf
 .text          0x00000000000316d4        0x0 c:/intelfpga_lite/16.1/nios2eds/bin/gnu/h-x86_64-mingw32/bin/../lib/gcc/nios2-elf/5.3.0/../../../../../H-x86_64-mingw32/nios2-elf/lib\libc.a(lib_a-callocr.o)
 .text._calloc_r
                0x00000000000316d4       0xc4 c:/intelfpga_lite/16.1/nios2eds/bin/gnu/h-x86_64-mingw32/bin/../lib/gcc/nios2-elf/5.3.0/../../../../../H-x86_64-mingw32/nios2-elf/lib\libc.a(lib_a-callocr.o)
                0x00000000000316d4                _calloc_r
 .text          0x0000000000031798        0x0 c:/intelfpga_lite/16.1/nios2eds/bin/gnu/h-x86_64-mingw32/bin/../lib/gcc/nios2-elf/5.3.0/../../../../../H-x86_64-mingw32/nios2-elf/lib\libc.a(lib_a-fputwc.o)
 .text.__fputwc
                0x0000000000031798      0x164 c:/intelfpga_lite/16.1/nios2eds/bin/gnu/h-x86_64-mingw32/bin/../lib/gcc/nios2-elf/5.3.0/../../../../../H-x86_64-mingw32/nios2-elf/lib\libc.a(lib_a-fputwc.o)
                0x0000000000031798                __fputwc
 .text._fputwc_r
                0x00000000000318fc       0x24 c:/intelfpga_lite/16.1/nios2eds/bin/gnu/h-x86_64-mingw32/bin/../lib/gcc/nios2-elf/5.3.0/../../../../../H-x86_64-mingw32/nios2-elf/lib\libc.a(lib_a-fputwc.o)
                0x00000000000318fc                _fputwc_r
 .text.fputwc   0x0000000000031920       0x80 c:/intelfpga_lite/16.1/nios2eds/bin/gnu/h-x86_64-mingw32/bin/../lib/gcc/nios2-elf/5.3.0/../../../../../H-x86_64-mingw32/nios2-elf/lib\libc.a(lib_a-fputwc.o)
                0x0000000000031920                fputwc
 .text          0x00000000000319a0        0x0 c:/intelfpga_lite/16.1/nios2eds/bin/gnu/h-x86_64-mingw32/bin/../lib/gcc/nios2-elf/5.3.0/../../../../../H-x86_64-mingw32/nios2-elf/lib\libc.a(lib_a-wcrtomb.o)
 .text._wcrtomb_r
                0x00000000000319a0       0x9c c:/intelfpga_lite/16.1/nios2eds/bin/gnu/h-x86_64-mingw32/bin/../lib/gcc/nios2-elf/5.3.0/../../../../../H-x86_64-mingw32/nios2-elf/lib\libc.a(lib_a-wcrtomb.o)
                0x00000000000319a0                _wcrtomb_r
 .text.wcrtomb  0x0000000000031a3c       0xc0 c:/intelfpga_lite/16.1/nios2eds/bin/gnu/h-x86_64-mingw32/bin/../lib/gcc/nios2-elf/5.3.0/../../../../../H-x86_64-mingw32/nios2-elf/lib\libc.a(lib_a-wcrtomb.o)
                0x0000000000031a3c                wcrtomb
 .text          0x0000000000031afc        0x0 c:/intelfpga_lite/16.1/nios2eds/bin/gnu/h-x86_64-mingw32/bin/../lib/gcc/nios2-elf/5.3.0/../../../../../H-x86_64-mingw32/nios2-elf/lib\libc.a(lib_a-wctomb_r.o)
 .text.__ascii_wctomb
                0x0000000000031afc       0x30 c:/intelfpga_lite/16.1/nios2eds/bin/gnu/h-x86_64-mingw32/bin/../lib/gcc/nios2-elf/5.3.0/../../../../../H-x86_64-mingw32/nios2-elf/lib\libc.a(lib_a-wctomb_r.o)
                0x0000000000031afc                __ascii_wctomb
 .text._wctomb_r
                0x0000000000031b2c       0x5c c:/intelfpga_lite/16.1/nios2eds/bin/gnu/h-x86_64-mingw32/bin/../lib/gcc/nios2-elf/5.3.0/../../../../../H-x86_64-mingw32/nios2-elf/lib\libc.a(lib_a-wctomb_r.o)
                0x0000000000031b2c                _wctomb_r
 .text          0x0000000000031b88      0x578 c:/intelfpga_lite/16.1/nios2eds/bin/gnu/h-x86_64-mingw32/bin/../lib/gcc/nios2-elf/5.3.0\libgcc.a(_udivdi3.o)
                0x0000000000031b88                __udivdi3
 .text          0x0000000000032100      0x538 c:/intelfpga_lite/16.1/nios2eds/bin/gnu/h-x86_64-mingw32/bin/../lib/gcc/nios2-elf/5.3.0\libgcc.a(_umoddi3.o)
                0x0000000000032100                __umoddi3
 .text          0x0000000000032638      0x8ac c:/intelfpga_lite/16.1/nios2eds/bin/gnu/h-x86_64-mingw32/bin/../lib/gcc/nios2-elf/5.3.0\libgcc.a(adddf3.o)
                0x0000000000032638                __adddf3
 .text          0x0000000000032ee4      0x8e8 c:/intelfpga_lite/16.1/nios2eds/bin/gnu/h-x86_64-mingw32/bin/../lib/gcc/nios2-elf/5.3.0\libgcc.a(divdf3.o)
                0x0000000000032ee4                __divdf3
 .text          0x00000000000337cc       0x88 c:/intelfpga_lite/16.1/nios2eds/bin/gnu/h-x86_64-mingw32/bin/../lib/gcc/nios2-elf/5.3.0\libgcc.a(eqdf2.o)
                0x00000000000337cc                __nedf2
                0x00000000000337cc                __eqdf2
 .text          0x0000000000033854       0xdc c:/intelfpga_lite/16.1/nios2eds/bin/gnu/h-x86_64-mingw32/bin/../lib/gcc/nios2-elf/5.3.0\libgcc.a(gedf2.o)
                0x0000000000033854                __gedf2
                0x0000000000033854                __gtdf2
 .text          0x0000000000033930       0xf4 c:/intelfpga_lite/16.1/nios2eds/bin/gnu/h-x86_64-mingw32/bin/../lib/gcc/nios2-elf/5.3.0\libgcc.a(ledf2.o)
                0x0000000000033930                __ledf2
                0x0000000000033930                __ltdf2
 .text          0x0000000000033a24      0x718 c:/intelfpga_lite/16.1/nios2eds/bin/gnu/h-x86_64-mingw32/bin/../lib/gcc/nios2-elf/5.3.0\libgcc.a(muldf3.o)
                0x0000000000033a24                __muldf3
 .text          0x000000000003413c      0x8fc c:/intelfpga_lite/16.1/nios2eds/bin/gnu/h-x86_64-mingw32/bin/../lib/gcc/nios2-elf/5.3.0\libgcc.a(subdf3.o)
                0x000000000003413c                __subdf3
 .text          0x0000000000034a38       0x80 c:/intelfpga_lite/16.1/nios2eds/bin/gnu/h-x86_64-mingw32/bin/../lib/gcc/nios2-elf/5.3.0\libgcc.a(fixdfsi.o)
                0x0000000000034a38                __fixdfsi
 .text          0x0000000000034ab8       0xdc c:/intelfpga_lite/16.1/nios2eds/bin/gnu/h-x86_64-mingw32/bin/../lib/gcc/nios2-elf/5.3.0\libgcc.a(floatsidf.o)
                0x0000000000034ab8                __floatsidf
 .text          0x0000000000034b94       0xa8 c:/intelfpga_lite/16.1/nios2eds/bin/gnu/h-x86_64-mingw32/bin/../lib/gcc/nios2-elf/5.3.0\libgcc.a(floatunsidf.o)
                0x0000000000034b94                __floatunsidf
 .text          0x0000000000034c3c      0x120 ../D8M_Camera_Test_bsp/\libhal_bsp.a(alt_close.o)
                0x0000000000034c8c                close
 .text          0x0000000000034d5c       0x2c ../D8M_Camera_Test_bsp/\libhal_bsp.a(alt_dev.o)
 .text          0x0000000000034d88        0x0 ../D8M_Camera_Test_bsp/\libhal_bsp.a(alt_errno.o)
 .text          0x0000000000034d88      0x170 ../D8M_Camera_Test_bsp/\libhal_bsp.a(alt_fcntl.o)
                0x0000000000034dd8                fcntl
 .text          0x0000000000034ef8      0x100 ../D8M_Camera_Test_bsp/\libhal_bsp.a(alt_fstat.o)
                0x0000000000034f48                fstat
 .text          0x0000000000034ff8       0xf4 ../D8M_Camera_Test_bsp/\libhal_bsp.a(alt_isatty.o)
                0x0000000000035048                isatty
 .text          0x00000000000350ec       0xec ../D8M_Camera_Test_bsp/\libhal_bsp.a(alt_load.o)
                0x0000000000035154                alt_load
 .text          0x00000000000351d8      0x124 ../D8M_Camera_Test_bsp/\libhal_bsp.a(alt_lseek.o)
                0x0000000000035228                lseek
 .text          0x00000000000352fc       0x7c ../D8M_Camera_Test_bsp/\libhal_bsp.a(alt_main.o)
                0x00000000000352fc                alt_main
 .text          0x0000000000035378       0x48 ../D8M_Camera_Test_bsp/\libhal_bsp.a(alt_malloc_lock.o)
                0x0000000000035378                __malloc_lock
                0x000000000003539c                __malloc_unlock
 .text          0x00000000000353c0      0x274 ../D8M_Camera_Test_bsp/\libhal_bsp.a(alt_open.o)
                0x00000000000354dc                open
 .text          0x0000000000035634      0x14c ../D8M_Camera_Test_bsp/\libhal_bsp.a(alt_read.o)
                0x0000000000035684                read
 .text          0x0000000000035780       0x64 ../D8M_Camera_Test_bsp/\libhal_bsp.a(alt_release_fd.o)
                0x0000000000035780                alt_release_fd
 .text          0x00000000000357e4       0xb0 ../D8M_Camera_Test_bsp/\libhal_bsp.a(alt_sbrk.o)
                0x00000000000357e4                sbrk
 .text          0x0000000000035894      0x1a4 ../D8M_Camera_Test_bsp/\libhal_bsp.a(alt_tick.o)
                0x0000000000035894                alt_alarm_stop
                0x0000000000035930                alt_tick
 .text          0x0000000000035a38       0x30 ../D8M_Camera_Test_bsp/\libhal_bsp.a(alt_usleep.o)
                0x0000000000035a38                usleep
 .text          0x0000000000035a68      0x148 ../D8M_Camera_Test_bsp/\libhal_bsp.a(alt_write.o)
                0x0000000000035ab8                write
 .text          0x0000000000035bb0       0xf4 ../D8M_Camera_Test_bsp/\libhal_bsp.a(alt_sys_init.o)
                0x0000000000035be8                alt_irq_init
                0x0000000000035c20                alt_sys_init
 .text          0x0000000000035ca4      0x164 ../D8M_Camera_Test_bsp/\libhal_bsp.a(altera_avalon_jtag_uart_fd.o)
                0x0000000000035ca4                altera_avalon_jtag_uart_read_fd
                0x0000000000035d04                altera_avalon_jtag_uart_write_fd
                0x0000000000035d64                altera_avalon_jtag_uart_close_fd
                0x0000000000035db4                altera_avalon_jtag_uart_ioctl_fd
 .text          0x0000000000035e08      0x3e4 ../D8M_Camera_Test_bsp/\libhal_bsp.a(altera_avalon_jtag_uart_init.o)
                0x0000000000035e08                altera_avalon_jtag_uart_init
                0x0000000000036184                altera_avalon_jtag_uart_close
 .text          0x00000000000361ec       0xf0 ../D8M_Camera_Test_bsp/\libhal_bsp.a(altera_avalon_jtag_uart_ioctl.o)
                0x00000000000361ec                altera_avalon_jtag_uart_ioctl
 .text          0x00000000000362dc      0x21c ../D8M_Camera_Test_bsp/\libhal_bsp.a(altera_avalon_jtag_uart_read.o)
                0x00000000000362dc                altera_avalon_jtag_uart_read
 .text          0x00000000000364f8      0x224 ../D8M_Camera_Test_bsp/\libhal_bsp.a(altera_avalon_jtag_uart_write.o)
                0x00000000000364f8                altera_avalon_jtag_uart_write
 .text          0x000000000003671c      0x104 ../D8M_Camera_Test_bsp/\libhal_bsp.a(altera_avalon_timer_sc.o)
                0x0000000000036794                alt_avalon_timer_sc_init
 .text          0x0000000000036820      0x110 ../D8M_Camera_Test_bsp/\libhal_bsp.a(altera_avalon_uart_fd.o)
                0x0000000000036820                altera_avalon_uart_read_fd
                0x0000000000036880                altera_avalon_uart_write_fd
                0x00000000000368e0                altera_avalon_uart_close_fd
 .text          0x0000000000036930      0x3c8 ../D8M_Camera_Test_bsp/\libhal_bsp.a(altera_avalon_uart_init.o)
                0x0000000000036930                altera_avalon_uart_init
                0x0000000000036ca4                altera_avalon_uart_close
 .text          0x0000000000036cf8      0x22c ../D8M_Camera_Test_bsp/\libhal_bsp.a(altera_avalon_uart_read.o)
                0x0000000000036d48                altera_avalon_uart_read
 .text          0x0000000000036f24      0x1fc ../D8M_Camera_Test_bsp/\libhal_bsp.a(altera_avalon_uart_write.o)
                0x0000000000036f74                altera_avalon_uart_write
 .text          0x0000000000037120      0x140 ../D8M_Camera_Test_bsp/\libhal_bsp.a(alt_alarm_start.o)
                0x0000000000037120                alt_alarm_start
 .text          0x0000000000037260      0x158 ../D8M_Camera_Test_bsp/\libhal_bsp.a(alt_busy_sleep.o)
                0x0000000000037260                alt_busy_sleep
 .text          0x00000000000373b8       0x48 ../D8M_Camera_Test_bsp/\libhal_bsp.a(alt_dcache_flush_all.o)
                0x00000000000373b8                alt_dcache_flush_all
 .text          0x0000000000037400       0xf4 ../D8M_Camera_Test_bsp/\libhal_bsp.a(alt_dev_llist_insert.o)
                0x0000000000037450                alt_dev_llist_insert
 .text          0x00000000000374f4       0x60 ../D8M_Camera_Test_bsp/\libhal_bsp.a(alt_do_ctors.o)
                0x00000000000374f4                _do_ctors
 .text          0x0000000000037554       0x60 ../D8M_Camera_Test_bsp/\libhal_bsp.a(alt_do_dtors.o)
                0x0000000000037554                _do_dtors
 .text          0x00000000000375b4       0x90 ../D8M_Camera_Test_bsp/\libhal_bsp.a(alt_find_dev.o)
                0x00000000000375b4                alt_find_dev
 .text          0x0000000000037644      0x114 ../D8M_Camera_Test_bsp/\libhal_bsp.a(alt_find_file.o)
                0x0000000000037644                alt_find_file
 .text          0x0000000000037758       0xb4 ../D8M_Camera_Test_bsp/\libhal_bsp.a(alt_get_fd.o)
                0x0000000000037758                alt_get_fd
 .text          0x000000000003780c       0x34 ../D8M_Camera_Test_bsp/\libhal_bsp.a(alt_icache_flush_all.o)
                0x000000000003780c                alt_icache_flush_all
 .text          0x0000000000037840      0x1e0 ../D8M_Camera_Test_bsp/\libhal_bsp.a(alt_iic.o)
                0x0000000000037840                alt_ic_isr_register
                0x0000000000037890                alt_ic_irq_enable
                0x0000000000037930                alt_ic_irq_disable
                0x00000000000379d4                alt_ic_irq_enabled
 .text          0x0000000000037a20       0xf0 ../D8M_Camera_Test_bsp/\libhal_bsp.a(alt_iic_isr_register.o)
                0x0000000000037a20                alt_iic_isr_register
 .text          0x0000000000037b10      0x140 ../D8M_Camera_Test_bsp/\libhal_bsp.a(alt_io_redirect.o)
                0x0000000000037bd4                alt_io_redirect
 .text          0x0000000000037c50        0x0 ../D8M_Camera_Test_bsp/\libhal_bsp.a(alt_irq_entry.o)
 .text          0x0000000000037c50        0x0 ../D8M_Camera_Test_bsp/\libhal_bsp.a(alt_irq_handler.o)
 .text          0x0000000000037c50        0x0 ../D8M_Camera_Test_bsp/\libhal_bsp.a(alt_irq_vars.o)
 .text          0x0000000000037c50       0x24 ../D8M_Camera_Test_bsp/\libhal_bsp.a(altera_nios2_gen2_irq.o)
                0x0000000000037c50                altera_nios2_gen2_irq_init
 .text          0x0000000000037c74        0x0 ../D8M_Camera_Test_bsp/\libhal_bsp.a(alt_exception_entry.o)
 .text          0x0000000000037c74       0x90 ../D8M_Camera_Test_bsp/\libhal_bsp.a(alt_icache_flush.o)
                0x0000000000037c74                alt_icache_flush
 .text          0x0000000000037d04       0x9c ../D8M_Camera_Test_bsp/\libhal_bsp.a(alt_instruction_exception_entry.o)
                0x0000000000037d04                alt_exception_cause_generated_bad_addr
 .text          0x0000000000037da0        0x0 c:/intelfpga_lite/16.1/nios2eds/bin/gnu/h-x86_64-mingw32/bin/../lib/gcc/nios2-elf/5.3.0/../../../../../H-x86_64-mingw32/nios2-elf/lib\libc.a(lib_a-atexit.o)
 .text.atexit   0x0000000000037da0       0x14 c:/intelfpga_lite/16.1/nios2eds/bin/gnu/h-x86_64-mingw32/bin/../lib/gcc/nios2-elf/5.3.0/../../../../../H-x86_64-mingw32/nios2-elf/lib\libc.a(lib_a-atexit.o)
                0x0000000000037da0                atexit
 .text          0x0000000000037db4        0x0 c:/intelfpga_lite/16.1/nios2eds/bin/gnu/h-x86_64-mingw32/bin/../lib/gcc/nios2-elf/5.3.0/../../../../../H-x86_64-mingw32/nios2-elf/lib\libc.a(lib_a-exit.o)
 .text.exit     0x0000000000037db4       0x38 c:/intelfpga_lite/16.1/nios2eds/bin/gnu/h-x86_64-mingw32/bin/../lib/gcc/nios2-elf/5.3.0/../../../../../H-x86_64-mingw32/nios2-elf/lib\libc.a(lib_a-exit.o)
                0x0000000000037db4                exit
 .text          0x0000000000037dec        0x0 c:/intelfpga_lite/16.1/nios2eds/bin/gnu/h-x86_64-mingw32/bin/../lib/gcc/nios2-elf/5.3.0/../../../../../H-x86_64-mingw32/nios2-elf/lib\libc.a(lib_a-memcmp.o)
 .text.memcmp   0x0000000000037dec       0x7c c:/intelfpga_lite/16.1/nios2eds/bin/gnu/h-x86_64-mingw32/bin/../lib/gcc/nios2-elf/5.3.0/../../../../../H-x86_64-mingw32/nios2-elf/lib\libc.a(lib_a-memcmp.o)
                0x0000000000037dec                memcmp
 .text          0x0000000000037e68        0x0 c:/intelfpga_lite/16.1/nios2eds/bin/gnu/h-x86_64-mingw32/bin/../lib/gcc/nios2-elf/5.3.0/../../../../../H-x86_64-mingw32/nios2-elf/lib\libc.a(lib_a-__atexit.o)
 .text.__register_exitproc
                0x0000000000037e68      0x118 c:/intelfpga_lite/16.1/nios2eds/bin/gnu/h-x86_64-mingw32/bin/../lib/gcc/nios2-elf/5.3.0/../../../../../H-x86_64-mingw32/nios2-elf/lib\libc.a(lib_a-__atexit.o)
                0x0000000000037e68                __register_exitproc
 .text          0x0000000000037f80        0x0 c:/intelfpga_lite/16.1/nios2eds/bin/gnu/h-x86_64-mingw32/bin/../lib/gcc/nios2-elf/5.3.0/../../../../../H-x86_64-mingw32/nios2-elf/lib\libc.a(lib_a-__call_atexit.o)
 .text.__call_exitprocs
                0x0000000000037f80      0x180 c:/intelfpga_lite/16.1/nios2eds/bin/gnu/h-x86_64-mingw32/bin/../lib/gcc/nios2-elf/5.3.0/../../../../../H-x86_64-mingw32/nios2-elf/lib\libc.a(lib_a-__call_atexit.o)
                0x0000000000037f80                __call_exitprocs
 .text          0x0000000000038100       0x34 ../D8M_Camera_Test_bsp/\libhal_bsp.a(alt_exit.o)
                0x0000000000038100                _exit
 *(.gnu.warning.*)
 *(.fini)
                [!provide]                        PROVIDE (__etext, ABSOLUTE (.))
                [!provide]                        PROVIDE (_etext, ABSOLUTE (.))
                [!provide]                        PROVIDE (etext, ABSOLUTE (.))
 *(.eh_frame_hdr)
                0x0000000000038134                . = ALIGN (0x4)
                [!provide]                        PROVIDE (__preinit_array_start, ABSOLUTE (.))
 *(.preinit_array)
                [!provide]                        PROVIDE (__preinit_array_end, ABSOLUTE (.))
                [!provide]                        PROVIDE (__init_array_start, ABSOLUTE (.))
 *(.init_array)
                [!provide]                        PROVIDE (__init_array_end, ABSOLUTE (.))
                [!provide]                        PROVIDE (__fini_array_start, ABSOLUTE (.))
 *(.fini_array)
                [!provide]                        PROVIDE (__fini_array_end, ABSOLUTE (.))
 *(.eh_frame)
 *(.gcc_except_table .gcc_except_table.*)
 *(.dynamic)
                0x0000000000038134                PROVIDE (__CTOR_LIST__, ABSOLUTE (.))
 *(.ctors)
 *(SORT(.ctors.*))
                0x0000000000038134                PROVIDE (__CTOR_END__, ABSOLUTE (.))
                0x0000000000038134                PROVIDE (__DTOR_LIST__, ABSOLUTE (.))
 *(.dtors)
 *(SORT(.dtors.*))
                0x0000000000038134                PROVIDE (__DTOR_END__, ABSOLUTE (.))
 *(.jcr)
                0x0000000000038134                . = ALIGN (0x4)

.rodata         0x0000000000038134      0x980
                0x0000000000038134                PROVIDE (__ram_rodata_start, ABSOLUTE (.))
                0x0000000000038134                . = ALIGN (0x4)
 *(.rodata .rodata.* .gnu.linkonce.r.*)
 .rodata        0x0000000000038134      0x277 obj/default/I2C_core.o
 *fill*         0x00000000000383ab        0x1 
 .rodata        0x00000000000383ac       0x4e obj/default/auto_focus.o
 *fill*         0x00000000000383fa        0x2 
 .rodata        0x00000000000383fc      0x271 obj/default/main.o
 *fill*         0x000000000003866d        0x3 
 .rodata        0x0000000000038670       0x61 obj/default/mipi_bridge_config.o
 *fill*         0x00000000000386d1        0x3 
 .rodata        0x00000000000386d4       0x9c obj/default/mipi_camera_config.o
 .rodata        0x0000000000038770      0x100 c:/intelfpga_lite/16.1/nios2eds/bin/gnu/h-x86_64-mingw32/bin/../lib/gcc/nios2-elf/5.3.0\libgcc.a(_clz.o)
                0x0000000000038770                __clz_tab
 .rodata.str1.4
                0x0000000000038870        0x2 c:/intelfpga_lite/16.1/nios2eds/bin/gnu/h-x86_64-mingw32/bin/../lib/gcc/nios2-elf/5.3.0/../../../../../H-x86_64-mingw32/nios2-elf/lib\libc.a(lib_a-impure.o)
 *fill*         0x0000000000038872        0x2 
 .rodata.str1.4
                0x0000000000038874        0x2 c:/intelfpga_lite/16.1/nios2eds/bin/gnu/h-x86_64-mingw32/bin/../lib/gcc/nios2-elf/5.3.0/../../../../../H-x86_64-mingw32/nios2-elf/lib\libc.a(lib_a-puts.o)
 *fill*         0x0000000000038876        0x2 
 .rodata.str1.4
                0x0000000000038878       0x42 c:/intelfpga_lite/16.1/nios2eds/bin/gnu/h-x86_64-mingw32/bin/../lib/gcc/nios2-elf/5.3.0/../../../../../H-x86_64-mingw32/nios2-elf/lib\libc.a(lib_a-svfprintf.o)
 .rodata.zeroes.4389
                0x00000000000388ba       0x10 c:/intelfpga_lite/16.1/nios2eds/bin/gnu/h-x86_64-mingw32/bin/../lib/gcc/nios2-elf/5.3.0/../../../../../H-x86_64-mingw32/nios2-elf/lib\libc.a(lib_a-svfprintf.o)
 .rodata.blanks.4388
                0x00000000000388ca       0x10 c:/intelfpga_lite/16.1/nios2eds/bin/gnu/h-x86_64-mingw32/bin/../lib/gcc/nios2-elf/5.3.0/../../../../../H-x86_64-mingw32/nios2-elf/lib\libc.a(lib_a-svfprintf.o)
 .rodata.str1.4
                0x00000000000388da       0x42 c:/intelfpga_lite/16.1/nios2eds/bin/gnu/h-x86_64-mingw32/bin/../lib/gcc/nios2-elf/5.3.0/../../../../../H-x86_64-mingw32/nios2-elf/lib\libc.a(lib_a-vfprintf.o)
 .rodata.zeroes.4404
                0x00000000000388da       0x10 c:/intelfpga_lite/16.1/nios2eds/bin/gnu/h-x86_64-mingw32/bin/../lib/gcc/nios2-elf/5.3.0/../../../../../H-x86_64-mingw32/nios2-elf/lib\libc.a(lib_a-vfprintf.o)
 .rodata.blanks.4403
                0x00000000000388ea       0x10 c:/intelfpga_lite/16.1/nios2eds/bin/gnu/h-x86_64-mingw32/bin/../lib/gcc/nios2-elf/5.3.0/../../../../../H-x86_64-mingw32/nios2-elf/lib\libc.a(lib_a-vfprintf.o)
 *fill*         0x00000000000388fa        0x2 
 .rodata.str1.4
                0x00000000000388fc       0x10 c:/intelfpga_lite/16.1/nios2eds/bin/gnu/h-x86_64-mingw32/bin/../lib/gcc/nios2-elf/5.3.0/../../../../../H-x86_64-mingw32/nios2-elf/lib\libc.a(lib_a-dtoa.o)
                                         0x12 (size before relaxing)
 .rodata.str1.4
                0x000000000003890c        0xc c:/intelfpga_lite/16.1/nios2eds/bin/gnu/h-x86_64-mingw32/bin/../lib/gcc/nios2-elf/5.3.0/../../../../../H-x86_64-mingw32/nios2-elf/lib\libc.a(lib_a-locale.o)
                                         0x12 (size before relaxing)
 .rodata.p05.2768
                0x0000000000038918        0xc c:/intelfpga_lite/16.1/nios2eds/bin/gnu/h-x86_64-mingw32/bin/../lib/gcc/nios2-elf/5.3.0/../../../../../H-x86_64-mingw32/nios2-elf/lib\libc.a(lib_a-mprec.o)
 .rodata.__mprec_tinytens
                0x0000000000038924       0x28 c:/intelfpga_lite/16.1/nios2eds/bin/gnu/h-x86_64-mingw32/bin/../lib/gcc/nios2-elf/5.3.0/../../../../../H-x86_64-mingw32/nios2-elf/lib\libc.a(lib_a-mprec.o)
                0x0000000000038924                __mprec_tinytens
 .rodata.__mprec_bigtens
                0x000000000003894c       0x28 c:/intelfpga_lite/16.1/nios2eds/bin/gnu/h-x86_64-mingw32/bin/../lib/gcc/nios2-elf/5.3.0/../../../../../H-x86_64-mingw32/nios2-elf/lib\libc.a(lib_a-mprec.o)
                0x000000000003894c                __mprec_bigtens
 .rodata.__mprec_tens
                0x0000000000038974       0xc8 c:/intelfpga_lite/16.1/nios2eds/bin/gnu/h-x86_64-mingw32/bin/../lib/gcc/nios2-elf/5.3.0/../../../../../H-x86_64-mingw32/nios2-elf/lib\libc.a(lib_a-mprec.o)
                0x0000000000038974                __mprec_tens
 .rodata.str1.4
                0x0000000000038a3c       0x2f c:/intelfpga_lite/16.1/nios2eds/bin/gnu/h-x86_64-mingw32/bin/../lib/gcc/nios2-elf/5.3.0/../../../../../H-x86_64-mingw32/nios2-elf/lib\libc.a(lib_a-svfiprintf.o)
 .rodata.zeroes.4333
                0x0000000000038a3c       0x10 c:/intelfpga_lite/16.1/nios2eds/bin/gnu/h-x86_64-mingw32/bin/../lib/gcc/nios2-elf/5.3.0/../../../../../H-x86_64-mingw32/nios2-elf/lib\libc.a(lib_a-svfiprintf.o)
 .rodata.blanks.4332
                0x0000000000038a4c       0x10 c:/intelfpga_lite/16.1/nios2eds/bin/gnu/h-x86_64-mingw32/bin/../lib/gcc/nios2-elf/5.3.0/../../../../../H-x86_64-mingw32/nios2-elf/lib\libc.a(lib_a-svfiprintf.o)
 .rodata.str1.4
                0x0000000000038a5c       0x2f c:/intelfpga_lite/16.1/nios2eds/bin/gnu/h-x86_64-mingw32/bin/../lib/gcc/nios2-elf/5.3.0/../../../../../H-x86_64-mingw32/nios2-elf/lib\libc.a(lib_a-vfiprintf.o)
 .rodata.zeroes.4349
                0x0000000000038a5c       0x10 c:/intelfpga_lite/16.1/nios2eds/bin/gnu/h-x86_64-mingw32/bin/../lib/gcc/nios2-elf/5.3.0/../../../../../H-x86_64-mingw32/nios2-elf/lib\libc.a(lib_a-vfiprintf.o)
 .rodata.blanks.4348
                0x0000000000038a6c       0x10 c:/intelfpga_lite/16.1/nios2eds/bin/gnu/h-x86_64-mingw32/bin/../lib/gcc/nios2-elf/5.3.0/../../../../../H-x86_64-mingw32/nios2-elf/lib\libc.a(lib_a-vfiprintf.o)
 .rodata        0x0000000000038a7c        0xa ../D8M_Camera_Test_bsp/\libhal_bsp.a(alt_dev.o)
 *fill*         0x0000000000038a86        0x2 
 .rodata        0x0000000000038a88        0xf ../D8M_Camera_Test_bsp/\libhal_bsp.a(alt_main.o)
 *fill*         0x0000000000038a97        0x1 
 .rodata        0x0000000000038a98       0x1c ../D8M_Camera_Test_bsp/\libhal_bsp.a(alt_sys_init.o)
 *(.rodata1)
                0x0000000000038ab4                . = ALIGN (0x4)
                0x0000000000038ab4                PROVIDE (__ram_rodata_end, ABSOLUTE (.))
                0x0000000000038134                PROVIDE (__flash_rodata_start, LOADADDR (.rodata))

.rwdata         0x0000000000038ab4     0x2364 load address 0x000000000003ae18
                0x0000000000038ab4                PROVIDE (__ram_rwdata_start, ABSOLUTE (.))
                0x0000000000038ab4                . = ALIGN (0x4)
 *(.got.plt)
 *(.got)
 *(.data1)
 *(.data .data.* .gnu.linkonce.d.*)
 .data          0x0000000000038ab4        0x0 ../D8M_Camera_Test_bsp//obj/HAL/src/crt0.o
 .data          0x0000000000038ab4        0x0 obj/default/I2C_core.o
 .data          0x0000000000038ab4        0x0 obj/default/auto_focus.o
 .data          0x0000000000038ab4        0x0 obj/default/main.o
 .data          0x0000000000038ab4       0x34 obj/default/mipi_bridge_config.o
 .data          0x0000000000038ae8      0x774 obj/default/mipi_camera_config.o
 .data          0x000000000003925c        0x0 obj/default/queue.o
 .data          0x000000000003925c        0x0 c:/intelfpga_lite/16.1/nios2eds/bin/gnu/h-x86_64-mingw32/bin/../lib/gcc/nios2-elf/5.3.0\libgcc.a(lib2-divmod.o)
 .data          0x000000000003925c        0x0 c:/intelfpga_lite/16.1/nios2eds/bin/gnu/h-x86_64-mingw32/bin/../lib/gcc/nios2-elf/5.3.0\libgcc.a(addsf3.o)
 .data          0x000000000003925c        0x0 c:/intelfpga_lite/16.1/nios2eds/bin/gnu/h-x86_64-mingw32/bin/../lib/gcc/nios2-elf/5.3.0\libgcc.a(gesf2.o)
 .data          0x000000000003925c        0x0 c:/intelfpga_lite/16.1/nios2eds/bin/gnu/h-x86_64-mingw32/bin/../lib/gcc/nios2-elf/5.3.0\libgcc.a(lesf2.o)
 .data          0x000000000003925c        0x0 c:/intelfpga_lite/16.1/nios2eds/bin/gnu/h-x86_64-mingw32/bin/../lib/gcc/nios2-elf/5.3.0\libgcc.a(mulsf3.o)
 .data          0x000000000003925c        0x0 c:/intelfpga_lite/16.1/nios2eds/bin/gnu/h-x86_64-mingw32/bin/../lib/gcc/nios2-elf/5.3.0\libgcc.a(subsf3.o)
 .data          0x000000000003925c        0x0 c:/intelfpga_lite/16.1/nios2eds/bin/gnu/h-x86_64-mingw32/bin/../lib/gcc/nios2-elf/5.3.0\libgcc.a(fixsfsi.o)
 .data          0x000000000003925c        0x0 c:/intelfpga_lite/16.1/nios2eds/bin/gnu/h-x86_64-mingw32/bin/../lib/gcc/nios2-elf/5.3.0\libgcc.a(floatsisf.o)
 .data          0x000000000003925c        0x0 c:/intelfpga_lite/16.1/nios2eds/bin/gnu/h-x86_64-mingw32/bin/../lib/gcc/nios2-elf/5.3.0\libgcc.a(floatunsisf.o)
 .data          0x000000000003925c        0x0 c:/intelfpga_lite/16.1/nios2eds/bin/gnu/h-x86_64-mingw32/bin/../lib/gcc/nios2-elf/5.3.0\libgcc.a(_clzsi2.o)
 .data          0x000000000003925c        0x0 c:/intelfpga_lite/16.1/nios2eds/bin/gnu/h-x86_64-mingw32/bin/../lib/gcc/nios2-elf/5.3.0\libgcc.a(_clz.o)
 .data          0x000000000003925c        0x0 c:/intelfpga_lite/16.1/nios2eds/bin/gnu/h-x86_64-mingw32/bin/../lib/gcc/nios2-elf/5.3.0/../../../../../H-x86_64-mingw32/nios2-elf/lib\libc.a(lib_a-fclose.o)
 .data          0x000000000003925c        0x0 c:/intelfpga_lite/16.1/nios2eds/bin/gnu/h-x86_64-mingw32/bin/../lib/gcc/nios2-elf/5.3.0/../../../../../H-x86_64-mingw32/nios2-elf/lib\libc.a(lib_a-fflush.o)
 .data          0x000000000003925c        0x0 c:/intelfpga_lite/16.1/nios2eds/bin/gnu/h-x86_64-mingw32/bin/../lib/gcc/nios2-elf/5.3.0/../../../../../H-x86_64-mingw32/nios2-elf/lib\libc.a(lib_a-findfp.o)
 .data          0x000000000003925c        0x0 c:/intelfpga_lite/16.1/nios2eds/bin/gnu/h-x86_64-mingw32/bin/../lib/gcc/nios2-elf/5.3.0/../../../../../H-x86_64-mingw32/nios2-elf/lib\libc.a(lib_a-fopen.o)
 .data          0x000000000003925c        0x0 c:/intelfpga_lite/16.1/nios2eds/bin/gnu/h-x86_64-mingw32/bin/../lib/gcc/nios2-elf/5.3.0/../../../../../H-x86_64-mingw32/nios2-elf/lib\libc.a(lib_a-fprintf.o)
 .data          0x000000000003925c        0x0 c:/intelfpga_lite/16.1/nios2eds/bin/gnu/h-x86_64-mingw32/bin/../lib/gcc/nios2-elf/5.3.0/../../../../../H-x86_64-mingw32/nios2-elf/lib\libc.a(lib_a-freer.o)
 .data          0x000000000003925c        0x0 c:/intelfpga_lite/16.1/nios2eds/bin/gnu/h-x86_64-mingw32/bin/../lib/gcc/nios2-elf/5.3.0/../../../../../H-x86_64-mingw32/nios2-elf/lib\libc.a(lib_a-fseek.o)
 .data          0x000000000003925c        0x0 c:/intelfpga_lite/16.1/nios2eds/bin/gnu/h-x86_64-mingw32/bin/../lib/gcc/nios2-elf/5.3.0/../../../../../H-x86_64-mingw32/nios2-elf/lib\libc.a(lib_a-fseeko.o)
 .data          0x000000000003925c        0x0 c:/intelfpga_lite/16.1/nios2eds/bin/gnu/h-x86_64-mingw32/bin/../lib/gcc/nios2-elf/5.3.0/../../../../../H-x86_64-mingw32/nios2-elf/lib\libc.a(lib_a-fstatr.o)
 .data          0x000000000003925c        0x0 c:/intelfpga_lite/16.1/nios2eds/bin/gnu/h-x86_64-mingw32/bin/../lib/gcc/nios2-elf/5.3.0/../../../../../H-x86_64-mingw32/nios2-elf/lib\libc.a(lib_a-fwalk.o)
 .data          0x000000000003925c        0x0 c:/intelfpga_lite/16.1/nios2eds/bin/gnu/h-x86_64-mingw32/bin/../lib/gcc/nios2-elf/5.3.0/../../../../../H-x86_64-mingw32/nios2-elf/lib\libc.a(lib_a-getc.o)
 .data          0x000000000003925c        0x0 c:/intelfpga_lite/16.1/nios2eds/bin/gnu/h-x86_64-mingw32/bin/../lib/gcc/nios2-elf/5.3.0/../../../../../H-x86_64-mingw32/nios2-elf/lib\libc.a(lib_a-impure.o)
 .data.impure_data
                0x000000000003925c      0x424 c:/intelfpga_lite/16.1/nios2eds/bin/gnu/h-x86_64-mingw32/bin/../lib/gcc/nios2-elf/5.3.0/../../../../../H-x86_64-mingw32/nios2-elf/lib\libc.a(lib_a-impure.o)
 .data          0x0000000000039680        0x0 c:/intelfpga_lite/16.1/nios2eds/bin/gnu/h-x86_64-mingw32/bin/../lib/gcc/nios2-elf/5.3.0/../../../../../H-x86_64-mingw32/nios2-elf/lib\libc.a(lib_a-int_errno.o)
 .data          0x0000000000039680        0x0 c:/intelfpga_lite/16.1/nios2eds/bin/gnu/h-x86_64-mingw32/bin/../lib/gcc/nios2-elf/5.3.0/../../../../../H-x86_64-mingw32/nios2-elf/lib\libc.a(lib_a-makebuf.o)
 .data          0x0000000000039680        0x0 c:/intelfpga_lite/16.1/nios2eds/bin/gnu/h-x86_64-mingw32/bin/../lib/gcc/nios2-elf/5.3.0/../../../../../H-x86_64-mingw32/nios2-elf/lib\libc.a(lib_a-malloc.o)
 .data          0x0000000000039680        0x0 c:/intelfpga_lite/16.1/nios2eds/bin/gnu/h-x86_64-mingw32/bin/../lib/gcc/nios2-elf/5.3.0/../../../../../H-x86_64-mingw32/nios2-elf/lib\libc.a(lib_a-mallocr.o)
 .data.__malloc_av_
                0x0000000000039680      0x408 c:/intelfpga_lite/16.1/nios2eds/bin/gnu/h-x86_64-mingw32/bin/../lib/gcc/nios2-elf/5.3.0/../../../../../H-x86_64-mingw32/nios2-elf/lib\libc.a(lib_a-mallocr.o)
                0x0000000000039680                __malloc_av_
 .data          0x0000000000039a88        0x0 c:/intelfpga_lite/16.1/nios2eds/bin/gnu/h-x86_64-mingw32/bin/../lib/gcc/nios2-elf/5.3.0/../../../../../H-x86_64-mingw32/nios2-elf/lib\libc.a(lib_a-memset.o)
 .data          0x0000000000039a88        0x0 c:/intelfpga_lite/16.1/nios2eds/bin/gnu/h-x86_64-mingw32/bin/../lib/gcc/nios2-elf/5.3.0/../../../../../H-x86_64-mingw32/nios2-elf/lib\libc.a(lib_a-openr.o)
 .data          0x0000000000039a88        0x0 c:/intelfpga_lite/16.1/nios2eds/bin/gnu/h-x86_64-mingw32/bin/../lib/gcc/nios2-elf/5.3.0/../../../../../H-x86_64-mingw32/nios2-elf/lib\libc.a(lib_a-printf.o)
 .data          0x0000000000039a88        0x0 c:/intelfpga_lite/16.1/nios2eds/bin/gnu/h-x86_64-mingw32/bin/../lib/gcc/nios2-elf/5.3.0/../../../../../H-x86_64-mingw32/nios2-elf/lib\libc.a(lib_a-putchar.o)
 .data          0x0000000000039a88        0x0 c:/intelfpga_lite/16.1/nios2eds/bin/gnu/h-x86_64-mingw32/bin/../lib/gcc/nios2-elf/5.3.0/../../../../../H-x86_64-mingw32/nios2-elf/lib\libc.a(lib_a-puts.o)
 .data          0x0000000000039a88        0x0 c:/intelfpga_lite/16.1/nios2eds/bin/gnu/h-x86_64-mingw32/bin/../lib/gcc/nios2-elf/5.3.0/../../../../../H-x86_64-mingw32/nios2-elf/lib\libc.a(lib_a-refill.o)
 .data          0x0000000000039a88        0x0 c:/intelfpga_lite/16.1/nios2eds/bin/gnu/h-x86_64-mingw32/bin/../lib/gcc/nios2-elf/5.3.0/../../../../../H-x86_64-mingw32/nios2-elf/lib\libc.a(lib_a-rget.o)
 .data          0x0000000000039a88        0x0 c:/intelfpga_lite/16.1/nios2eds/bin/gnu/h-x86_64-mingw32/bin/../lib/gcc/nios2-elf/5.3.0/../../../../../H-x86_64-mingw32/nios2-elf/lib\libc.a(lib_a-sbrkr.o)
 .data          0x0000000000039a88        0x0 c:/intelfpga_lite/16.1/nios2eds/bin/gnu/h-x86_64-mingw32/bin/../lib/gcc/nios2-elf/5.3.0/../../../../../H-x86_64-mingw32/nios2-elf/lib\libc.a(lib_a-snprintf.o)
 .data          0x0000000000039a88        0x0 c:/intelfpga_lite/16.1/nios2eds/bin/gnu/h-x86_64-mingw32/bin/../lib/gcc/nios2-elf/5.3.0/../../../../../H-x86_64-mingw32/nios2-elf/lib\libc.a(lib_a-stdio.o)
 .data          0x0000000000039a88        0x0 c:/intelfpga_lite/16.1/nios2eds/bin/gnu/h-x86_64-mingw32/bin/../lib/gcc/nios2-elf/5.3.0/../../../../../H-x86_64-mingw32/nios2-elf/lib\libc.a(lib_a-strcat.o)
 .data          0x0000000000039a88        0x0 c:/intelfpga_lite/16.1/nios2eds/bin/gnu/h-x86_64-mingw32/bin/../lib/gcc/nios2-elf/5.3.0/../../../../../H-x86_64-mingw32/nios2-elf/lib\libc.a(lib_a-strcpy.o)
 .data          0x0000000000039a88        0x0 c:/intelfpga_lite/16.1/nios2eds/bin/gnu/h-x86_64-mingw32/bin/../lib/gcc/nios2-elf/5.3.0/../../../../../H-x86_64-mingw32/nios2-elf/lib\libc.a(lib_a-strlen.o)
 .data          0x0000000000039a88        0x0 c:/intelfpga_lite/16.1/nios2eds/bin/gnu/h-x86_64-mingw32/bin/../lib/gcc/nios2-elf/5.3.0/../../../../../H-x86_64-mingw32/nios2-elf/lib\libc.a(lib_a-svfprintf.o)
 .data          0x0000000000039a88        0x0 c:/intelfpga_lite/16.1/nios2eds/bin/gnu/h-x86_64-mingw32/bin/../lib/gcc/nios2-elf/5.3.0/../../../../../H-x86_64-mingw32/nios2-elf/lib\libc.a(lib_a-vfprintf.o)
 .data          0x0000000000039a88        0x0 c:/intelfpga_lite/16.1/nios2eds/bin/gnu/h-x86_64-mingw32/bin/../lib/gcc/nios2-elf/5.3.0/../../../../../H-x86_64-mingw32/nios2-elf/lib\libc.a(lib_a-writer.o)
 .data          0x0000000000039a88        0x0 c:/intelfpga_lite/16.1/nios2eds/bin/gnu/h-x86_64-mingw32/bin/../lib/gcc/nios2-elf/5.3.0/../../../../../H-x86_64-mingw32/nios2-elf/lib\libc.a(lib_a-wsetup.o)
 .data          0x0000000000039a88        0x0 c:/intelfpga_lite/16.1/nios2eds/bin/gnu/h-x86_64-mingw32/bin/../lib/gcc/nios2-elf/5.3.0/../../../../../H-x86_64-mingw32/nios2-elf/lib\libc.a(closer.o)
 .data          0x0000000000039a88        0x0 c:/intelfpga_lite/16.1/nios2eds/bin/gnu/h-x86_64-mingw32/bin/../lib/gcc/nios2-elf/5.3.0/../../../../../H-x86_64-mingw32/nios2-elf/lib\libc.a(lib_a-dtoa.o)
 .data          0x0000000000039a88        0x0 c:/intelfpga_lite/16.1/nios2eds/bin/gnu/h-x86_64-mingw32/bin/../lib/gcc/nios2-elf/5.3.0/../../../../../H-x86_64-mingw32/nios2-elf/lib\libc.a(lib_a-flags.o)
 .data          0x0000000000039a88        0x0 c:/intelfpga_lite/16.1/nios2eds/bin/gnu/h-x86_64-mingw32/bin/../lib/gcc/nios2-elf/5.3.0/../../../../../H-x86_64-mingw32/nios2-elf/lib\libc.a(lib_a-fvwrite.o)
 .data          0x0000000000039a88        0x0 c:/intelfpga_lite/16.1/nios2eds/bin/gnu/h-x86_64-mingw32/bin/../lib/gcc/nios2-elf/5.3.0/../../../../../H-x86_64-mingw32/nios2-elf/lib\libc.a(lib_a-isattyr.o)
 .data          0x0000000000039a88        0x0 c:/intelfpga_lite/16.1/nios2eds/bin/gnu/h-x86_64-mingw32/bin/../lib/gcc/nios2-elf/5.3.0/../../../../../H-x86_64-mingw32/nios2-elf/lib\libc.a(lib_a-locale.o)
 .data.lc_message_charset
                0x0000000000039a88       0x20 c:/intelfpga_lite/16.1/nios2eds/bin/gnu/h-x86_64-mingw32/bin/../lib/gcc/nios2-elf/5.3.0/../../../../../H-x86_64-mingw32/nios2-elf/lib\libc.a(lib_a-locale.o)
 .data.lc_ctype_charset
                0x0000000000039aa8       0x20 c:/intelfpga_lite/16.1/nios2eds/bin/gnu/h-x86_64-mingw32/bin/../lib/gcc/nios2-elf/5.3.0/../../../../../H-x86_64-mingw32/nios2-elf/lib\libc.a(lib_a-locale.o)
 .data.lconv    0x0000000000039ac8       0x38 c:/intelfpga_lite/16.1/nios2eds/bin/gnu/h-x86_64-mingw32/bin/../lib/gcc/nios2-elf/5.3.0/../../../../../H-x86_64-mingw32/nios2-elf/lib\libc.a(lib_a-locale.o)
 .data          0x0000000000039b00        0x0 c:/intelfpga_lite/16.1/nios2eds/bin/gnu/h-x86_64-mingw32/bin/../lib/gcc/nios2-elf/5.3.0/../../../../../H-x86_64-mingw32/nios2-elf/lib\libc.a(lib_a-lseekr.o)
 .data          0x0000000000039b00        0x0 c:/intelfpga_lite/16.1/nios2eds/bin/gnu/h-x86_64-mingw32/bin/../lib/gcc/nios2-elf/5.3.0/../../../../../H-x86_64-mingw32/nios2-elf/lib\libc.a(lib_a-memchr.o)
 .data          0x0000000000039b00        0x0 c:/intelfpga_lite/16.1/nios2eds/bin/gnu/h-x86_64-mingw32/bin/../lib/gcc/nios2-elf/5.3.0/../../../../../H-x86_64-mingw32/nios2-elf/lib\libc.a(lib_a-memcpy.o)
 .data          0x0000000000039b00        0x0 c:/intelfpga_lite/16.1/nios2eds/bin/gnu/h-x86_64-mingw32/bin/../lib/gcc/nios2-elf/5.3.0/../../../../../H-x86_64-mingw32/nios2-elf/lib\libc.a(lib_a-memmove.o)
 .data          0x0000000000039b00        0x0 c:/intelfpga_lite/16.1/nios2eds/bin/gnu/h-x86_64-mingw32/bin/../lib/gcc/nios2-elf/5.3.0/../../../../../H-x86_64-mingw32/nios2-elf/lib\libc.a(lib_a-mprec.o)
 .data          0x0000000000039b00        0x0 c:/intelfpga_lite/16.1/nios2eds/bin/gnu/h-x86_64-mingw32/bin/../lib/gcc/nios2-elf/5.3.0/../../../../../H-x86_64-mingw32/nios2-elf/lib\libc.a(lib_a-putc.o)
 .data          0x0000000000039b00        0x0 c:/intelfpga_lite/16.1/nios2eds/bin/gnu/h-x86_64-mingw32/bin/../lib/gcc/nios2-elf/5.3.0/../../../../../H-x86_64-mingw32/nios2-elf/lib\libc.a(lib_a-readr.o)
 .data          0x0000000000039b00        0x0 c:/intelfpga_lite/16.1/nios2eds/bin/gnu/h-x86_64-mingw32/bin/../lib/gcc/nios2-elf/5.3.0/../../../../../H-x86_64-mingw32/nios2-elf/lib\libc.a(lib_a-reallocr.o)
 .data          0x0000000000039b00        0x0 c:/intelfpga_lite/16.1/nios2eds/bin/gnu/h-x86_64-mingw32/bin/../lib/gcc/nios2-elf/5.3.0/../../../../../H-x86_64-mingw32/nios2-elf/lib\libc.a(lib_a-s_fpclassify.o)
 .data          0x0000000000039b00        0x0 c:/intelfpga_lite/16.1/nios2eds/bin/gnu/h-x86_64-mingw32/bin/../lib/gcc/nios2-elf/5.3.0/../../../../../H-x86_64-mingw32/nios2-elf/lib\libc.a(lib_a-strcmp.o)
 .data          0x0000000000039b00        0x0 c:/intelfpga_lite/16.1/nios2eds/bin/gnu/h-x86_64-mingw32/bin/../lib/gcc/nios2-elf/5.3.0/../../../../../H-x86_64-mingw32/nios2-elf/lib\libc.a(lib_a-svfiprintf.o)
 .data          0x0000000000039b00        0x0 c:/intelfpga_lite/16.1/nios2eds/bin/gnu/h-x86_64-mingw32/bin/../lib/gcc/nios2-elf/5.3.0/../../../../../H-x86_64-mingw32/nios2-elf/lib\libc.a(lib_a-vfiprintf.o)
 .data          0x0000000000039b00        0x0 c:/intelfpga_lite/16.1/nios2eds/bin/gnu/h-x86_64-mingw32/bin/../lib/gcc/nios2-elf/5.3.0/../../../../../H-x86_64-mingw32/nios2-elf/lib\libc.a(lib_a-wbuf.o)
 .data          0x0000000000039b00        0x0 c:/intelfpga_lite/16.1/nios2eds/bin/gnu/h-x86_64-mingw32/bin/../lib/gcc/nios2-elf/5.3.0/../../../../../H-x86_64-mingw32/nios2-elf/lib\libc.a(lib_a-callocr.o)
 .data          0x0000000000039b00        0x0 c:/intelfpga_lite/16.1/nios2eds/bin/gnu/h-x86_64-mingw32/bin/../lib/gcc/nios2-elf/5.3.0/../../../../../H-x86_64-mingw32/nios2-elf/lib\libc.a(lib_a-fputwc.o)
 .data          0x0000000000039b00        0x0 c:/intelfpga_lite/16.1/nios2eds/bin/gnu/h-x86_64-mingw32/bin/../lib/gcc/nios2-elf/5.3.0/../../../../../H-x86_64-mingw32/nios2-elf/lib\libc.a(lib_a-wcrtomb.o)